<?xml version="1.0"?>
<link_info>
   <banner>TI ARM Linker PC v5.1.1</banner>
   <copyright>Copyright (c) 1996-2013 Texas Instruments Incorporated</copyright>
   <link_time>0x57227223</link_time>
   <link_errors>0x0</link_errors>
   <output_file>GuitarTuner.out</output_file>
   <entry_point>
      <name>_c_int00</name>
      <address>0x2f4</address>
   </entry_point>
   <input_file_list>
      <input_file id="fl-2">
         <path>.\</path>
         <kind>object</kind>
         <file>main.obj</file>
         <name>main.obj</name>
      </input_file>
      <input_file id="fl-3">
         <path>.\</path>
         <kind>object</kind>
         <file>goertzel.obj</file>
         <name>goertzel.obj</name>
      </input_file>
      <input_file id="fl-4">
         <path>.\</path>
         <kind>object</kind>
         <file>cirBuffer.obj</file>
         <name>cirBuffer.obj</name>
      </input_file>
      <input_file id="fl-130">
         <path>C:\ti\ccsv5\tools\compiler\arm_5.1.1\lib\</path>
         <kind>archive</kind>
         <file>rtsv6_A_be_tiarm9.lib</file>
         <name>boot.obj</name>
      </input_file>
      <input_file id="fl-131">
         <path>C:\ti\ccsv5\tools\compiler\arm_5.1.1\lib\</path>
         <kind>archive</kind>
         <file>rtsv6_A_be_tiarm9.lib</file>
         <name>copy_decompress_none.obj</name>
      </input_file>
      <input_file id="fl-132">
         <path>C:\ti\ccsv5\tools\compiler\arm_5.1.1\lib\</path>
         <kind>archive</kind>
         <file>rtsv6_A_be_tiarm9.lib</file>
         <name>copy_decompress_rle.obj</name>
      </input_file>
      <input_file id="fl-133">
         <path>C:\ti\ccsv5\tools\compiler\arm_5.1.1\lib\</path>
         <kind>archive</kind>
         <file>rtsv6_A_be_tiarm9.lib</file>
         <name>copy_zero_init.obj</name>
      </input_file>
      <input_file id="fl-134">
         <path>C:\ti\ccsv5\tools\compiler\arm_5.1.1\lib\</path>
         <kind>archive</kind>
         <file>rtsv6_A_be_tiarm9.lib</file>
         <name>exit.obj</name>
      </input_file>
      <input_file id="fl-135">
         <path>C:\ti\ccsv5\tools\compiler\arm_5.1.1\lib\</path>
         <kind>archive</kind>
         <file>rtsv6_A_be_tiarm9.lib</file>
         <name>fd_cmp32.obj</name>
      </input_file>
      <input_file id="fl-136">
         <path>C:\ti\ccsv5\tools\compiler\arm_5.1.1\lib\</path>
         <kind>archive</kind>
         <file>rtsv6_A_be_tiarm9.lib</file>
         <name>i_tofd32.obj</name>
      </input_file>
      <input_file id="fl-137">
         <path>C:\ti\ccsv5\tools\compiler\arm_5.1.1\lib\</path>
         <kind>archive</kind>
         <file>rtsv6_A_be_tiarm9.lib</file>
         <name>memcpy32.obj</name>
      </input_file>
      <input_file id="fl-138">
         <path>C:\ti\ccsv5\tools\compiler\arm_5.1.1\lib\</path>
         <kind>archive</kind>
         <file>rtsv6_A_be_tiarm9.lib</file>
         <name>memory.obj</name>
      </input_file>
      <input_file id="fl-139">
         <path>C:\ti\ccsv5\tools\compiler\arm_5.1.1\lib\</path>
         <kind>archive</kind>
         <file>rtsv6_A_be_tiarm9.lib</file>
         <name>sqrt.obj</name>
      </input_file>
      <input_file id="fl-13a">
         <path>C:\ti\ccsv5\tools\compiler\arm_5.1.1\lib\</path>
         <kind>archive</kind>
         <file>rtsv6_A_be_tiarm9.lib</file>
         <name>stkdepth_vars.obj</name>
      </input_file>
      <input_file id="fl-13b">
         <path>C:\ti\ccsv5\tools\compiler\arm_5.1.1\lib\</path>
         <kind>archive</kind>
         <file>rtsv6_A_be_tiarm9.lib</file>
         <name>xdscale.obj</name>
      </input_file>
      <input_file id="fl-13c">
         <path>C:\ti\ccsv5\tools\compiler\arm_5.1.1\lib\</path>
         <kind>archive</kind>
         <file>rtsv6_A_be_tiarm9.lib</file>
         <name>xdunscal.obj</name>
      </input_file>
      <input_file id="fl-13d">
         <path>C:\ti\ccsv5\tools\compiler\arm_5.1.1\lib\</path>
         <kind>archive</kind>
         <file>rtsv6_A_be_tiarm9.lib</file>
         <name>xferaise.obj</name>
      </input_file>
      <input_file id="fl-13e">
         <path>C:\ti\ccsv5\tools\compiler\arm_5.1.1\lib\</path>
         <kind>archive</kind>
         <file>rtsv6_A_be_tiarm9.lib</file>
         <name>xvalues.obj</name>
      </input_file>
      <input_file id="fl-13f">
         <path>C:\ti\ccsv5\tools\compiler\arm_5.1.1\lib\</path>
         <kind>archive</kind>
         <file>rtsv6_A_be_tiarm9.lib</file>
         <name>_lock.obj</name>
      </input_file>
      <input_file id="fl-140">
         <path>C:\ti\ccsv5\tools\compiler\arm_5.1.1\lib\</path>
         <kind>archive</kind>
         <file>rtsv6_A_be_tiarm9.lib</file>
         <name>args_main.obj</name>
      </input_file>
      <input_file id="fl-141">
         <path>C:\ti\ccsv5\tools\compiler\arm_5.1.1\lib\</path>
         <kind>archive</kind>
         <file>rtsv6_A_be_tiarm9.lib</file>
         <name>auto_init.obj</name>
      </input_file>
      <input_file id="fl-142">
         <path>C:\ti\ccsv5\tools\compiler\arm_5.1.1\lib\</path>
         <kind>archive</kind>
         <file>rtsv6_A_be_tiarm9.lib</file>
         <name>cpy_tbl.obj</name>
      </input_file>
      <input_file id="fl-143">
         <path>C:\ti\ccsv5\tools\compiler\arm_5.1.1\lib\</path>
         <kind>archive</kind>
         <file>rtsv6_A_be_tiarm9.lib</file>
         <name>errno.obj</name>
      </input_file>
      <input_file id="fl-144">
         <path>C:\ti\ccsv5\tools\compiler\arm_5.1.1\lib\</path>
         <kind>archive</kind>
         <file>rtsv6_A_be_tiarm9.lib</file>
         <name>fd_add32.obj</name>
      </input_file>
      <input_file id="fl-145">
         <path>C:\ti\ccsv5\tools\compiler\arm_5.1.1\lib\</path>
         <kind>archive</kind>
         <file>rtsv6_A_be_tiarm9.lib</file>
         <name>fd_div32.obj</name>
      </input_file>
      <input_file id="fl-146">
         <path>C:\ti\ccsv5\tools\compiler\arm_5.1.1\lib\</path>
         <kind>archive</kind>
         <file>rtsv6_A_be_tiarm9.lib</file>
         <name>fd_mul32.obj</name>
      </input_file>
      <input_file id="fl-147">
         <path>C:\ti\ccsv5\tools\compiler\arm_5.1.1\lib\</path>
         <kind>archive</kind>
         <file>rtsv6_A_be_tiarm9.lib</file>
         <name>feraiseexcept.obj</name>
      </input_file>
      <input_file id="fl-148">
         <path>C:\ti\ccsv5\tools\compiler\arm_5.1.1\lib\</path>
         <kind>archive</kind>
         <file>rtsv6_A_be_tiarm9.lib</file>
         <name>raise.obj</name>
      </input_file>
      <input_file id="fl-149">
         <path>C:\ti\ccsv5\tools\compiler\arm_5.1.1\lib\</path>
         <kind>archive</kind>
         <file>rtsv6_A_be_tiarm9.lib</file>
         <name>signal.obj</name>
      </input_file>
      <input_file id="fl-14a">
         <path>C:\ti\ccsv5\tools\compiler\arm_5.1.1\lib\</path>
         <kind>archive</kind>
         <file>rtsv6_A_be_tiarm9.lib</file>
         <name>xdnorm.obj</name>
      </input_file>
   </input_file_list>
   <object_component_list>
      <object_component id="oc-87">
         <name>.text</name>
         <load_address>0x0</load_address>
         <run_address>0x0</run_address>
         <size>0x180</size>
         <input_file_ref idref="fl-137"/>
      </object_component>
      <object_component id="oc-59">
         <name>.text</name>
         <load_address>0x180</load_address>
         <run_address>0x180</run_address>
         <size>0xa8</size>
         <input_file_ref idref="fl-141"/>
      </object_component>
      <object_component id="oc-83">
         <name>.text</name>
         <load_address>0x228</load_address>
         <run_address>0x228</run_address>
         <size>0x78</size>
         <input_file_ref idref="fl-134"/>
      </object_component>
      <object_component id="oc-85">
         <name>.text</name>
         <load_address>0x2a0</load_address>
         <run_address>0x2a0</run_address>
         <size>0x54</size>
         <input_file_ref idref="fl-142"/>
      </object_component>
      <object_component id="oc-2">
         <name>.text</name>
         <load_address>0x2f4</load_address>
         <run_address>0x2f4</run_address>
         <size>0x44</size>
         <input_file_ref idref="fl-130"/>
      </object_component>
      <object_component id="oc-84">
         <name>.text</name>
         <load_address>0x338</load_address>
         <run_address>0x338</run_address>
         <size>0x24</size>
         <input_file_ref idref="fl-13f"/>
      </object_component>
      <object_component id="oc-82">
         <name>.text</name>
         <load_address>0x35c</load_address>
         <run_address>0x35c</run_address>
         <size>0x20</size>
         <input_file_ref idref="fl-140"/>
      </object_component>
      <object_component id="oc-86">
         <name>.text</name>
         <load_address>0x37c</load_address>
         <run_address>0x37c</run_address>
         <size>0x4</size>
         <input_file_ref idref="fl-2"/>
      </object_component>
      <object_component id="oc-f">
         <name>.bss</name>
         <uninitialized>true</uninitialized>
         <run_address>0x4d4</run_address>
         <size>0x4</size>
         <input_file_ref idref="fl-130"/>
      </object_component>
      <object_component id="oc-21">
         <name>.bss</name>
         <uninitialized>true</uninitialized>
         <run_address>0x4c4</run_address>
         <size>0x8</size>
         <input_file_ref idref="fl-134"/>
      </object_component>
      <object_component id="oc-30">
         <name>.bss</name>
         <uninitialized>true</uninitialized>
         <run_address>0x4b0</run_address>
         <size>0xc</size>
         <input_file_ref idref="fl-138"/>
      </object_component>
      <object_component id="oc-3b">
         <name>.bss</name>
         <uninitialized>true</uninitialized>
         <run_address>0x4dc</run_address>
         <size>0x4</size>
         <input_file_ref idref="fl-13a"/>
      </object_component>
      <object_component id="oc-4b">
         <name>.bss</name>
         <uninitialized>true</uninitialized>
         <run_address>0x430</run_address>
         <size>0x80</size>
         <input_file_ref idref="fl-13e"/>
      </object_component>
      <object_component id="oc-4f">
         <name>.bss</name>
         <uninitialized>true</uninitialized>
         <run_address>0x4bc</run_address>
         <size>0x8</size>
         <input_file_ref idref="fl-13f"/>
      </object_component>
      <object_component id="oc-61">
         <name>.bss</name>
         <uninitialized>true</uninitialized>
         <run_address>0x4d8</run_address>
         <size>0x4</size>
         <input_file_ref idref="fl-143"/>
      </object_component>
      <object_component id="oc-6e">
         <name>.bss</name>
         <uninitialized>true</uninitialized>
         <run_address>0x4cc</run_address>
         <size>0x8</size>
         <input_file_ref idref="fl-147"/>
      </object_component>
      <object_component id="oc-7a">
         <name>.bss:_sigtable</name>
         <uninitialized>true</uninitialized>
         <run_address>0x380</run_address>
         <size>0xb0</size>
         <input_file_ref idref="fl-149"/>
      </object_component>
      <object_component id="oc-4d">
         <name>.cinit</name>
         <load_address>0x4e0</load_address>
         <run_address>0x4e0</run_address>
         <size>0x90</size>
         <input_file_ref idref="fl-13e"/>
      </object_component>
      <object_component id="oc-32">
         <name>.cinit</name>
         <load_address>0x570</load_address>
         <run_address>0x570</run_address>
         <size>0x14</size>
         <input_file_ref idref="fl-138"/>
      </object_component>
      <object_component id="oc-51">
         <name>.cinit</name>
         <load_address>0x584</load_address>
         <run_address>0x584</run_address>
         <size>0x10</size>
         <input_file_ref idref="fl-13f"/>
      </object_component>
      <object_component id="oc-23">
         <name>.cinit</name>
         <load_address>0x594</load_address>
         <run_address>0x594</run_address>
         <size>0x10</size>
         <input_file_ref idref="fl-134"/>
      </object_component>
      <object_component id="oc-70">
         <name>.cinit</name>
         <load_address>0x5a4</load_address>
         <run_address>0x5a4</run_address>
         <size>0x10</size>
         <input_file_ref idref="fl-147"/>
      </object_component>
      <object_component id="oc-11">
         <name>.cinit</name>
         <load_address>0x5b4</load_address>
         <run_address>0x5b4</run_address>
         <size>0xc</size>
         <input_file_ref idref="fl-130"/>
      </object_component>
      <object_component id="oc-63">
         <name>.cinit</name>
         <load_address>0x5c0</load_address>
         <run_address>0x5c0</run_address>
         <size>0xc</size>
         <input_file_ref idref="fl-143"/>
      </object_component>
      <object_component id="oc-79">
         <name>.cinit</name>
         <load_address>0x5cc</load_address>
         <run_address>0x5cc</run_address>
         <size>0xc</size>
         <input_file_ref idref="fl-149"/>
      </object_component>
      <object_component id="oc-3d">
         <name>.cinit</name>
         <load_address>0x5d8</load_address>
         <run_address>0x5d8</run_address>
         <size>0xc</size>
         <input_file_ref idref="fl-13a"/>
      </object_component>
      <object_component id="oc-3">
         <name>.debug_info</name>
         <load_address>0x0</load_address>
         <run_address>0x0</run_address>
         <size>0x20e</size>
         <input_file_ref idref="fl-2"/>
      </object_component>
      <object_component id="oc-7">
         <name>.debug_info</name>
         <load_address>0x20e</load_address>
         <run_address>0x20e</run_address>
         <size>0x297</size>
         <input_file_ref idref="fl-3"/>
      </object_component>
      <object_component id="oc-b">
         <name>.debug_info</name>
         <load_address>0x4a5</load_address>
         <run_address>0x4a5</run_address>
         <size>0x2c7</size>
         <input_file_ref idref="fl-4"/>
      </object_component>
      <object_component id="oc-12">
         <name>.debug_info</name>
         <load_address>0x76c</load_address>
         <run_address>0x76c</run_address>
         <size>0xfb</size>
         <input_file_ref idref="fl-130"/>
      </object_component>
      <object_component id="oc-15">
         <name>.debug_info</name>
         <load_address>0x867</load_address>
         <run_address>0x867</run_address>
         <size>0x27e</size>
         <input_file_ref idref="fl-131"/>
      </object_component>
      <object_component id="oc-19">
         <name>.debug_info</name>
         <load_address>0xae5</load_address>
         <run_address>0xae5</run_address>
         <size>0x22e</size>
         <input_file_ref idref="fl-132"/>
      </object_component>
      <object_component id="oc-1d">
         <name>.debug_info</name>
         <load_address>0xd13</load_address>
         <run_address>0xd13</run_address>
         <size>0x244</size>
         <input_file_ref idref="fl-133"/>
      </object_component>
      <object_component id="oc-22">
         <name>.debug_info</name>
         <load_address>0xf57</load_address>
         <run_address>0xf57</run_address>
         <size>0x403</size>
         <input_file_ref idref="fl-134"/>
      </object_component>
      <object_component id="oc-27">
         <name>.debug_info</name>
         <load_address>0x135a</load_address>
         <run_address>0x135a</run_address>
         <size>0xa0</size>
         <input_file_ref idref="fl-135"/>
      </object_component>
      <object_component id="oc-2a">
         <name>.debug_info</name>
         <load_address>0x13fa</load_address>
         <run_address>0x13fa</run_address>
         <size>0xa0</size>
         <input_file_ref idref="fl-136"/>
      </object_component>
      <object_component id="oc-2d">
         <name>.debug_info</name>
         <load_address>0x149a</load_address>
         <run_address>0x149a</run_address>
         <size>0x141</size>
         <input_file_ref idref="fl-137"/>
      </object_component>
      <object_component id="oc-31">
         <name>.debug_info</name>
         <load_address>0x15db</load_address>
         <run_address>0x15db</run_address>
         <size>0x3fb</size>
         <input_file_ref idref="fl-138"/>
      </object_component>
      <object_component id="oc-37">
         <name>.debug_info</name>
         <load_address>0x19d6</load_address>
         <run_address>0x19d6</run_address>
         <size>0x2e6</size>
         <input_file_ref idref="fl-139"/>
      </object_component>
      <object_component id="oc-3c">
         <name>.debug_info</name>
         <load_address>0x1cbc</load_address>
         <run_address>0x1cbc</run_address>
         <size>0x206</size>
         <input_file_ref idref="fl-13a"/>
      </object_component>
      <object_component id="oc-3f">
         <name>.debug_info</name>
         <load_address>0x1ec2</load_address>
         <run_address>0x1ec2</run_address>
         <size>0x2a4</size>
         <input_file_ref idref="fl-13b"/>
      </object_component>
      <object_component id="oc-43">
         <name>.debug_info</name>
         <load_address>0x2166</load_address>
         <run_address>0x2166</run_address>
         <size>0x217</size>
         <input_file_ref idref="fl-13c"/>
      </object_component>
      <object_component id="oc-47">
         <name>.debug_info</name>
         <load_address>0x237d</load_address>
         <run_address>0x237d</run_address>
         <size>0x21f</size>
         <input_file_ref idref="fl-13d"/>
      </object_component>
      <object_component id="oc-4c">
         <name>.debug_info</name>
         <load_address>0x259c</load_address>
         <run_address>0x259c</run_address>
         <size>0x348</size>
         <input_file_ref idref="fl-13e"/>
      </object_component>
      <object_component id="oc-50">
         <name>.debug_info</name>
         <load_address>0x28e4</load_address>
         <run_address>0x28e4</run_address>
         <size>0x38b</size>
         <input_file_ref idref="fl-13f"/>
      </object_component>
      <object_component id="oc-55">
         <name>.debug_info</name>
         <load_address>0x2c6f</load_address>
         <run_address>0x2c6f</run_address>
         <size>0x30b</size>
         <input_file_ref idref="fl-140"/>
      </object_component>
      <object_component id="oc-5a">
         <name>.debug_info</name>
         <load_address>0x2f7a</load_address>
         <run_address>0x2f7a</run_address>
         <size>0x14d</size>
         <input_file_ref idref="fl-141"/>
      </object_component>
      <object_component id="oc-5d">
         <name>.debug_info</name>
         <load_address>0x30c7</load_address>
         <run_address>0x30c7</run_address>
         <size>0x386</size>
         <input_file_ref idref="fl-142"/>
      </object_component>
      <object_component id="oc-62">
         <name>.debug_info</name>
         <load_address>0x344d</load_address>
         <run_address>0x344d</run_address>
         <size>0x1f2</size>
         <input_file_ref idref="fl-143"/>
      </object_component>
      <object_component id="oc-65">
         <name>.debug_info</name>
         <load_address>0x363f</load_address>
         <run_address>0x363f</run_address>
         <size>0xa0</size>
         <input_file_ref idref="fl-144"/>
      </object_component>
      <object_component id="oc-68">
         <name>.debug_info</name>
         <load_address>0x36df</load_address>
         <run_address>0x36df</run_address>
         <size>0xa0</size>
         <input_file_ref idref="fl-145"/>
      </object_component>
      <object_component id="oc-6b">
         <name>.debug_info</name>
         <load_address>0x377f</load_address>
         <run_address>0x377f</run_address>
         <size>0xa0</size>
         <input_file_ref idref="fl-146"/>
      </object_component>
      <object_component id="oc-6f">
         <name>.debug_info</name>
         <load_address>0x381f</load_address>
         <run_address>0x381f</run_address>
         <size>0x2fd</size>
         <input_file_ref idref="fl-147"/>
      </object_component>
      <object_component id="oc-74">
         <name>.debug_info</name>
         <load_address>0x3b1c</load_address>
         <run_address>0x3b1c</run_address>
         <size>0x223</size>
         <input_file_ref idref="fl-148"/>
      </object_component>
      <object_component id="oc-78">
         <name>.debug_info</name>
         <load_address>0x3d3f</load_address>
         <run_address>0x3d3f</run_address>
         <size>0x25f</size>
         <input_file_ref idref="fl-149"/>
      </object_component>
      <object_component id="oc-7e">
         <name>.debug_info</name>
         <load_address>0x3f9e</load_address>
         <run_address>0x3f9e</run_address>
         <size>0x1e8</size>
         <input_file_ref idref="fl-14a"/>
      </object_component>
      <object_component id="oc-a6">
         <name>.debug_info</name>
         <load_address>0x4186</load_address>
         <run_address>0x4186</run_address>
         <size>0x6a</size>
      </object_component>
      <object_component id="oc-4">
         <name>.debug_frame</name>
         <load_address>0x0</load_address>
         <run_address>0x0</run_address>
         <size>0x4a</size>
         <input_file_ref idref="fl-2"/>
      </object_component>
      <object_component id="oc-8">
         <name>.debug_frame</name>
         <load_address>0x4a</load_address>
         <run_address>0x4a</run_address>
         <size>0x36</size>
         <input_file_ref idref="fl-3"/>
      </object_component>
      <object_component id="oc-c">
         <name>.debug_frame</name>
         <load_address>0x80</load_address>
         <run_address>0x80</run_address>
         <size>0x36</size>
         <input_file_ref idref="fl-4"/>
      </object_component>
      <object_component id="oc-16">
         <name>.debug_frame</name>
         <load_address>0xb6</load_address>
         <run_address>0xb6</run_address>
         <size>0x36</size>
         <input_file_ref idref="fl-131"/>
      </object_component>
      <object_component id="oc-1a">
         <name>.debug_frame</name>
         <load_address>0xec</load_address>
         <run_address>0xec</run_address>
         <size>0x36</size>
         <input_file_ref idref="fl-132"/>
      </object_component>
      <object_component id="oc-1e">
         <name>.debug_frame</name>
         <load_address>0x122</load_address>
         <run_address>0x122</run_address>
         <size>0x36</size>
         <input_file_ref idref="fl-133"/>
      </object_component>
      <object_component id="oc-24">
         <name>.debug_frame</name>
         <load_address>0x158</load_address>
         <run_address>0x158</run_address>
         <size>0x7e</size>
         <input_file_ref idref="fl-134"/>
      </object_component>
      <object_component id="oc-34">
         <name>.debug_frame</name>
         <load_address>0x1d6</load_address>
         <run_address>0x1d6</run_address>
         <size>0x36</size>
         <input_file_ref idref="fl-138"/>
      </object_component>
      <object_component id="oc-38">
         <name>.debug_frame</name>
         <load_address>0x20c</load_address>
         <run_address>0x20c</run_address>
         <size>0x36</size>
         <input_file_ref idref="fl-139"/>
      </object_component>
      <object_component id="oc-40">
         <name>.debug_frame</name>
         <load_address>0x242</load_address>
         <run_address>0x242</run_address>
         <size>0x36</size>
         <input_file_ref idref="fl-13b"/>
      </object_component>
      <object_component id="oc-44">
         <name>.debug_frame</name>
         <load_address>0x278</load_address>
         <run_address>0x278</run_address>
         <size>0x36</size>
         <input_file_ref idref="fl-13c"/>
      </object_component>
      <object_component id="oc-48">
         <name>.debug_frame</name>
         <load_address>0x2ae</load_address>
         <run_address>0x2ae</run_address>
         <size>0x36</size>
         <input_file_ref idref="fl-13d"/>
      </object_component>
      <object_component id="oc-52">
         <name>.debug_frame</name>
         <load_address>0x2e4</load_address>
         <run_address>0x2e4</run_address>
         <size>0x72</size>
         <input_file_ref idref="fl-13f"/>
      </object_component>
      <object_component id="oc-56">
         <name>.debug_frame</name>
         <load_address>0x356</load_address>
         <run_address>0x356</run_address>
         <size>0x4a</size>
         <input_file_ref idref="fl-140"/>
      </object_component>
      <object_component id="oc-5e">
         <name>.debug_frame</name>
         <load_address>0x3a0</load_address>
         <run_address>0x3a0</run_address>
         <size>0x53</size>
         <input_file_ref idref="fl-142"/>
      </object_component>
      <object_component id="oc-71">
         <name>.debug_frame</name>
         <load_address>0x3f3</load_address>
         <run_address>0x3f3</run_address>
         <size>0x36</size>
         <input_file_ref idref="fl-147"/>
      </object_component>
      <object_component id="oc-75">
         <name>.debug_frame</name>
         <load_address>0x429</load_address>
         <run_address>0x429</run_address>
         <size>0x36</size>
         <input_file_ref idref="fl-148"/>
      </object_component>
      <object_component id="oc-7b">
         <name>.debug_frame</name>
         <load_address>0x45f</load_address>
         <run_address>0x45f</run_address>
         <size>0x36</size>
         <input_file_ref idref="fl-149"/>
      </object_component>
      <object_component id="oc-7f">
         <name>.debug_frame</name>
         <load_address>0x495</load_address>
         <run_address>0x495</run_address>
         <size>0x36</size>
         <input_file_ref idref="fl-14a"/>
      </object_component>
      <object_component id="oc-5">
         <name>.debug_line</name>
         <load_address>0x0</load_address>
         <run_address>0x0</run_address>
         <size>0x3a</size>
         <input_file_ref idref="fl-2"/>
      </object_component>
      <object_component id="oc-9">
         <name>.debug_line</name>
         <load_address>0x3a</load_address>
         <run_address>0x3a</run_address>
         <size>0x2b</size>
         <input_file_ref idref="fl-3"/>
      </object_component>
      <object_component id="oc-d">
         <name>.debug_line</name>
         <load_address>0x65</load_address>
         <run_address>0x65</run_address>
         <size>0x2c</size>
         <input_file_ref idref="fl-4"/>
      </object_component>
      <object_component id="oc-13">
         <name>.debug_line</name>
         <load_address>0x91</load_address>
         <run_address>0x91</run_address>
         <size>0x44</size>
         <input_file_ref idref="fl-130"/>
      </object_component>
      <object_component id="oc-17">
         <name>.debug_line</name>
         <load_address>0xd5</load_address>
         <run_address>0xd5</run_address>
         <size>0x34</size>
         <input_file_ref idref="fl-131"/>
      </object_component>
      <object_component id="oc-1b">
         <name>.debug_line</name>
         <load_address>0x109</load_address>
         <run_address>0x109</run_address>
         <size>0x33</size>
         <input_file_ref idref="fl-132"/>
      </object_component>
      <object_component id="oc-1f">
         <name>.debug_line</name>
         <load_address>0x13c</load_address>
         <run_address>0x13c</run_address>
         <size>0x2e</size>
         <input_file_ref idref="fl-133"/>
      </object_component>
      <object_component id="oc-25">
         <name>.debug_line</name>
         <load_address>0x16a</load_address>
         <run_address>0x16a</run_address>
         <size>0x77</size>
         <input_file_ref idref="fl-134"/>
      </object_component>
      <object_component id="oc-28">
         <name>.debug_line</name>
         <load_address>0x1e1</load_address>
         <run_address>0x1e1</run_address>
         <size>0x2a</size>
         <input_file_ref idref="fl-135"/>
      </object_component>
      <object_component id="oc-2b">
         <name>.debug_line</name>
         <load_address>0x20b</load_address>
         <run_address>0x20b</run_address>
         <size>0x2a</size>
         <input_file_ref idref="fl-136"/>
      </object_component>
      <object_component id="oc-2e">
         <name>.debug_line</name>
         <load_address>0x235</load_address>
         <run_address>0x235</run_address>
         <size>0x97</size>
         <input_file_ref idref="fl-137"/>
      </object_component>
      <object_component id="oc-35">
         <name>.debug_line</name>
         <load_address>0x2cc</load_address>
         <run_address>0x2cc</run_address>
         <size>0x26</size>
         <input_file_ref idref="fl-138"/>
      </object_component>
      <object_component id="oc-39">
         <name>.debug_line</name>
         <load_address>0x2f2</load_address>
         <run_address>0x2f2</run_address>
         <size>0x26</size>
         <input_file_ref idref="fl-139"/>
      </object_component>
      <object_component id="oc-41">
         <name>.debug_line</name>
         <load_address>0x318</load_address>
         <run_address>0x318</run_address>
         <size>0x27</size>
         <input_file_ref idref="fl-13b"/>
      </object_component>
      <object_component id="oc-45">
         <name>.debug_line</name>
         <load_address>0x33f</load_address>
         <run_address>0x33f</run_address>
         <size>0x28</size>
         <input_file_ref idref="fl-13c"/>
      </object_component>
      <object_component id="oc-49">
         <name>.debug_line</name>
         <load_address>0x367</load_address>
         <run_address>0x367</run_address>
         <size>0x28</size>
         <input_file_ref idref="fl-13d"/>
      </object_component>
      <object_component id="oc-53">
         <name>.debug_line</name>
         <load_address>0x38f</load_address>
         <run_address>0x38f</run_address>
         <size>0x5b</size>
         <input_file_ref idref="fl-13f"/>
      </object_component>
      <object_component id="oc-57">
         <name>.debug_line</name>
         <load_address>0x3ea</load_address>
         <run_address>0x3ea</run_address>
         <size>0x4b</size>
         <input_file_ref idref="fl-140"/>
      </object_component>
      <object_component id="oc-5b">
         <name>.debug_line</name>
         <load_address>0x435</load_address>
         <run_address>0x435</run_address>
         <size>0x72</size>
         <input_file_ref idref="fl-141"/>
      </object_component>
      <object_component id="oc-5f">
         <name>.debug_line</name>
         <load_address>0x4a7</load_address>
         <run_address>0x4a7</run_address>
         <size>0x48</size>
         <input_file_ref idref="fl-142"/>
      </object_component>
      <object_component id="oc-66">
         <name>.debug_line</name>
         <load_address>0x4ef</load_address>
         <run_address>0x4ef</run_address>
         <size>0x2a</size>
         <input_file_ref idref="fl-144"/>
      </object_component>
      <object_component id="oc-69">
         <name>.debug_line</name>
         <load_address>0x519</load_address>
         <run_address>0x519</run_address>
         <size>0x2a</size>
         <input_file_ref idref="fl-145"/>
      </object_component>
      <object_component id="oc-6c">
         <name>.debug_line</name>
         <load_address>0x543</load_address>
         <run_address>0x543</run_address>
         <size>0x2a</size>
         <input_file_ref idref="fl-146"/>
      </object_component>
      <object_component id="oc-72">
         <name>.debug_line</name>
         <load_address>0x56d</load_address>
         <run_address>0x56d</run_address>
         <size>0x2d</size>
         <input_file_ref idref="fl-147"/>
      </object_component>
      <object_component id="oc-76">
         <name>.debug_line</name>
         <load_address>0x59a</load_address>
         <run_address>0x59a</run_address>
         <size>0x25</size>
         <input_file_ref idref="fl-148"/>
      </object_component>
      <object_component id="oc-7c">
         <name>.debug_line</name>
         <load_address>0x5bf</load_address>
         <run_address>0x5bf</run_address>
         <size>0x26</size>
         <input_file_ref idref="fl-149"/>
      </object_component>
      <object_component id="oc-80">
         <name>.debug_line</name>
         <load_address>0x5e5</load_address>
         <run_address>0x5e5</run_address>
         <size>0x26</size>
         <input_file_ref idref="fl-14a"/>
      </object_component>
      <object_component id="oc-6">
         <name>.debug_abbrev</name>
         <load_address>0x0</load_address>
         <run_address>0x0</run_address>
         <size>0x50</size>
         <input_file_ref idref="fl-2"/>
      </object_component>
      <object_component id="oc-a">
         <name>.debug_abbrev</name>
         <load_address>0x50</load_address>
         <run_address>0x50</run_address>
         <size>0xec</size>
         <input_file_ref idref="fl-3"/>
      </object_component>
      <object_component id="oc-e">
         <name>.debug_abbrev</name>
         <load_address>0x13c</load_address>
         <run_address>0x13c</run_address>
         <size>0xf6</size>
         <input_file_ref idref="fl-4"/>
      </object_component>
      <object_component id="oc-14">
         <name>.debug_abbrev</name>
         <load_address>0x232</load_address>
         <run_address>0x232</run_address>
         <size>0x37</size>
         <input_file_ref idref="fl-130"/>
      </object_component>
      <object_component id="oc-18">
         <name>.debug_abbrev</name>
         <load_address>0x269</load_address>
         <run_address>0x269</run_address>
         <size>0xbc</size>
         <input_file_ref idref="fl-131"/>
      </object_component>
      <object_component id="oc-1c">
         <name>.debug_abbrev</name>
         <load_address>0x325</load_address>
         <run_address>0x325</run_address>
         <size>0xcb</size>
         <input_file_ref idref="fl-132"/>
      </object_component>
      <object_component id="oc-20">
         <name>.debug_abbrev</name>
         <load_address>0x3f0</load_address>
         <run_address>0x3f0</run_address>
         <size>0x94</size>
         <input_file_ref idref="fl-133"/>
      </object_component>
      <object_component id="oc-26">
         <name>.debug_abbrev</name>
         <load_address>0x484</load_address>
         <run_address>0x484</run_address>
         <size>0x11a</size>
         <input_file_ref idref="fl-134"/>
      </object_component>
      <object_component id="oc-29">
         <name>.debug_abbrev</name>
         <load_address>0x59e</load_address>
         <run_address>0x59e</run_address>
         <size>0x37</size>
         <input_file_ref idref="fl-135"/>
      </object_component>
      <object_component id="oc-2c">
         <name>.debug_abbrev</name>
         <load_address>0x5d5</load_address>
         <run_address>0x5d5</run_address>
         <size>0x37</size>
         <input_file_ref idref="fl-136"/>
      </object_component>
      <object_component id="oc-2f">
         <name>.debug_abbrev</name>
         <load_address>0x60c</load_address>
         <run_address>0x60c</run_address>
         <size>0x45</size>
         <input_file_ref idref="fl-137"/>
      </object_component>
      <object_component id="oc-36">
         <name>.debug_abbrev</name>
         <load_address>0x651</load_address>
         <run_address>0x651</run_address>
         <size>0x19c</size>
         <input_file_ref idref="fl-138"/>
      </object_component>
      <object_component id="oc-3a">
         <name>.debug_abbrev</name>
         <load_address>0x7ed</load_address>
         <run_address>0x7ed</run_address>
         <size>0xfb</size>
         <input_file_ref idref="fl-139"/>
      </object_component>
      <object_component id="oc-3e">
         <name>.debug_abbrev</name>
         <load_address>0x8e8</load_address>
         <run_address>0x8e8</run_address>
         <size>0x35</size>
         <input_file_ref idref="fl-13a"/>
      </object_component>
      <object_component id="oc-42">
         <name>.debug_abbrev</name>
         <load_address>0x91d</load_address>
         <run_address>0x91d</run_address>
         <size>0xf4</size>
         <input_file_ref idref="fl-13b"/>
      </object_component>
      <object_component id="oc-46">
         <name>.debug_abbrev</name>
         <load_address>0xa11</load_address>
         <run_address>0xa11</run_address>
         <size>0xb0</size>
         <input_file_ref idref="fl-13c"/>
      </object_component>
      <object_component id="oc-4a">
         <name>.debug_abbrev</name>
         <load_address>0xac1</load_address>
         <run_address>0xac1</run_address>
         <size>0xae</size>
         <input_file_ref idref="fl-13d"/>
      </object_component>
      <object_component id="oc-4e">
         <name>.debug_abbrev</name>
         <load_address>0xb6f</load_address>
         <run_address>0xb6f</run_address>
         <size>0x6b</size>
         <input_file_ref idref="fl-13e"/>
      </object_component>
      <object_component id="oc-54">
         <name>.debug_abbrev</name>
         <load_address>0xbda</load_address>
         <run_address>0xbda</run_address>
         <size>0xb9</size>
         <input_file_ref idref="fl-13f"/>
      </object_component>
      <object_component id="oc-58">
         <name>.debug_abbrev</name>
         <load_address>0xc93</load_address>
         <run_address>0xc93</run_address>
         <size>0xdb</size>
         <input_file_ref idref="fl-140"/>
      </object_component>
      <object_component id="oc-5c">
         <name>.debug_abbrev</name>
         <load_address>0xd6e</load_address>
         <run_address>0xd6e</run_address>
         <size>0x7a</size>
         <input_file_ref idref="fl-141"/>
      </object_component>
      <object_component id="oc-60">
         <name>.debug_abbrev</name>
         <load_address>0xde8</load_address>
         <run_address>0xde8</run_address>
         <size>0xf0</size>
         <input_file_ref idref="fl-142"/>
      </object_component>
      <object_component id="oc-64">
         <name>.debug_abbrev</name>
         <load_address>0xed8</load_address>
         <run_address>0xed8</run_address>
         <size>0x35</size>
         <input_file_ref idref="fl-143"/>
      </object_component>
      <object_component id="oc-67">
         <name>.debug_abbrev</name>
         <load_address>0xf0d</load_address>
         <run_address>0xf0d</run_address>
         <size>0x37</size>
         <input_file_ref idref="fl-144"/>
      </object_component>
      <object_component id="oc-6a">
         <name>.debug_abbrev</name>
         <load_address>0xf44</load_address>
         <run_address>0xf44</run_address>
         <size>0x37</size>
         <input_file_ref idref="fl-145"/>
      </object_component>
      <object_component id="oc-6d">
         <name>.debug_abbrev</name>
         <load_address>0xf7b</load_address>
         <run_address>0xf7b</run_address>
         <size>0x37</size>
         <input_file_ref idref="fl-146"/>
      </object_component>
      <object_component id="oc-73">
         <name>.debug_abbrev</name>
         <load_address>0xfb2</load_address>
         <run_address>0xfb2</run_address>
         <size>0xf5</size>
         <input_file_ref idref="fl-147"/>
      </object_component>
      <object_component id="oc-77">
         <name>.debug_abbrev</name>
         <load_address>0x10a7</load_address>
         <run_address>0x10a7</run_address>
         <size>0xd1</size>
         <input_file_ref idref="fl-148"/>
      </object_component>
      <object_component id="oc-7d">
         <name>.debug_abbrev</name>
         <load_address>0x1178</load_address>
         <run_address>0x1178</run_address>
         <size>0xdc</size>
         <input_file_ref idref="fl-149"/>
      </object_component>
      <object_component id="oc-81">
         <name>.debug_abbrev</name>
         <load_address>0x1254</load_address>
         <run_address>0x1254</run_address>
         <size>0x8b</size>
         <input_file_ref idref="fl-14a"/>
      </object_component>
      <object_component id="oc-a7">
         <name>.debug_abbrev</name>
         <load_address>0x12df</load_address>
         <run_address>0x12df</run_address>
         <size>0xd</size>
      </object_component>
      <object_component id="oc-10">
         <name>.stack</name>
         <uninitialized>true</uninitialized>
         <run_address>0x5e8</run_address>
         <size>0x0</size>
         <input_file_ref idref="fl-130"/>
      </object_component>
      <object_component id="oc-a1">
         <name>.stack</name>
         <uninitialized>true</uninitialized>
         <run_address>0x5e8</run_address>
         <size>0x0</size>
      </object_component>
      <object_component id="oc-33">
         <name>.sysmem</name>
         <uninitialized>true</uninitialized>
         <run_address>0xde8</run_address>
         <size>0x8</size>
         <input_file_ref idref="fl-138"/>
      </object_component>
      <object_component id="oc-a2">
         <name>.sysmem</name>
         <uninitialized>true</uninitialized>
         <run_address>0xde8</run_address>
         <size>0x0</size>
      </object_component>
   </object_component_list>
   <logical_group_list>
      <logical_group id="lg-88" display="no" color="cyan">
         <name>.text</name>
         <load_address>0x0</load_address>
         <run_address>0x0</run_address>
         <size>0x380</size>
         <contents>
            <object_component_ref idref="oc-87"/>
            <object_component_ref idref="oc-59"/>
            <object_component_ref idref="oc-83"/>
            <object_component_ref idref="oc-85"/>
            <object_component_ref idref="oc-2"/>
            <object_component_ref idref="oc-84"/>
            <object_component_ref idref="oc-82"/>
            <object_component_ref idref="oc-86"/>
         </contents>
      </logical_group>
      <logical_group id="lg-89" display="no" color="cyan">
         <name>.const</name>
         <run_address>0x0</run_address>
         <size>0x0</size>
         <contents>
         </contents>
      </logical_group>
      <logical_group id="lg-8a" display="no" color="cyan">
         <name>.data</name>
         <run_address>0x0</run_address>
         <size>0x0</size>
         <contents>
         </contents>
      </logical_group>
      <logical_group id="lg-8b" display="no" color="cyan">
         <name>.bss</name>
         <run_address>0x380</run_address>
         <size>0x160</size>
         <contents>
            <object_component_ref idref="oc-f"/>
            <object_component_ref idref="oc-21"/>
            <object_component_ref idref="oc-30"/>
            <object_component_ref idref="oc-3b"/>
            <object_component_ref idref="oc-4b"/>
            <object_component_ref idref="oc-4f"/>
            <object_component_ref idref="oc-61"/>
            <object_component_ref idref="oc-6e"/>
            <object_component_ref idref="oc-7a"/>
         </contents>
      </logical_group>
      <logical_group id="lg-8c" display="no" color="cyan">
         <name>.cinit</name>
         <load_address>0x4e0</load_address>
         <run_address>0x4e0</run_address>
         <size>0x108</size>
         <contents>
            <object_component_ref idref="oc-4d"/>
            <object_component_ref idref="oc-32"/>
            <object_component_ref idref="oc-51"/>
            <object_component_ref idref="oc-23"/>
            <object_component_ref idref="oc-70"/>
            <object_component_ref idref="oc-11"/>
            <object_component_ref idref="oc-63"/>
            <object_component_ref idref="oc-79"/>
            <object_component_ref idref="oc-3d"/>
         </contents>
      </logical_group>
      <logical_group id="lg-8d" display="no" color="cyan">
         <name>.pinit</name>
         <run_address>0x0</run_address>
         <size>0x0</size>
         <contents>
         </contents>
      </logical_group>
      <logical_group id="lg-94" display="never" color="cyan">
         <name>.debug_info</name>
         <load_address>0x0</load_address>
         <run_address>0x0</run_address>
         <size>0x41f0</size>
         <contents>
            <object_component_ref idref="oc-3"/>
            <object_component_ref idref="oc-7"/>
            <object_component_ref idref="oc-b"/>
            <object_component_ref idref="oc-12"/>
            <object_component_ref idref="oc-15"/>
            <object_component_ref idref="oc-19"/>
            <object_component_ref idref="oc-1d"/>
            <object_component_ref idref="oc-22"/>
            <object_component_ref idref="oc-27"/>
            <object_component_ref idref="oc-2a"/>
            <object_component_ref idref="oc-2d"/>
            <object_component_ref idref="oc-31"/>
            <object_component_ref idref="oc-37"/>
            <object_component_ref idref="oc-3c"/>
            <object_component_ref idref="oc-3f"/>
            <object_component_ref idref="oc-43"/>
            <object_component_ref idref="oc-47"/>
            <object_component_ref idref="oc-4c"/>
            <object_component_ref idref="oc-50"/>
            <object_component_ref idref="oc-55"/>
            <object_component_ref idref="oc-5a"/>
            <object_component_ref idref="oc-5d"/>
            <object_component_ref idref="oc-62"/>
            <object_component_ref idref="oc-65"/>
            <object_component_ref idref="oc-68"/>
            <object_component_ref idref="oc-6b"/>
            <object_component_ref idref="oc-6f"/>
            <object_component_ref idref="oc-74"/>
            <object_component_ref idref="oc-78"/>
            <object_component_ref idref="oc-7e"/>
            <object_component_ref idref="oc-a6"/>
         </contents>
      </logical_group>
      <logical_group id="lg-96" display="never" color="cyan">
         <name>.debug_frame</name>
         <load_address>0x0</load_address>
         <run_address>0x0</run_address>
         <size>0x4cb</size>
         <contents>
            <object_component_ref idref="oc-4"/>
            <object_component_ref idref="oc-8"/>
            <object_component_ref idref="oc-c"/>
            <object_component_ref idref="oc-16"/>
            <object_component_ref idref="oc-1a"/>
            <object_component_ref idref="oc-1e"/>
            <object_component_ref idref="oc-24"/>
            <object_component_ref idref="oc-34"/>
            <object_component_ref idref="oc-38"/>
            <object_component_ref idref="oc-40"/>
            <object_component_ref idref="oc-44"/>
            <object_component_ref idref="oc-48"/>
            <object_component_ref idref="oc-52"/>
            <object_component_ref idref="oc-56"/>
            <object_component_ref idref="oc-5e"/>
            <object_component_ref idref="oc-71"/>
            <object_component_ref idref="oc-75"/>
            <object_component_ref idref="oc-7b"/>
            <object_component_ref idref="oc-7f"/>
         </contents>
      </logical_group>
      <logical_group id="lg-98" display="never" color="cyan">
         <name>.debug_line</name>
         <load_address>0x0</load_address>
         <run_address>0x0</run_address>
         <size>0x60b</size>
         <contents>
            <object_component_ref idref="oc-5"/>
            <object_component_ref idref="oc-9"/>
            <object_component_ref idref="oc-d"/>
            <object_component_ref idref="oc-13"/>
            <object_component_ref idref="oc-17"/>
            <object_component_ref idref="oc-1b"/>
            <object_component_ref idref="oc-1f"/>
            <object_component_ref idref="oc-25"/>
            <object_component_ref idref="oc-28"/>
            <object_component_ref idref="oc-2b"/>
            <object_component_ref idref="oc-2e"/>
            <object_component_ref idref="oc-35"/>
            <object_component_ref idref="oc-39"/>
            <object_component_ref idref="oc-41"/>
            <object_component_ref idref="oc-45"/>
            <object_component_ref idref="oc-49"/>
            <object_component_ref idref="oc-53"/>
            <object_component_ref idref="oc-57"/>
            <object_component_ref idref="oc-5b"/>
            <object_component_ref idref="oc-5f"/>
            <object_component_ref idref="oc-66"/>
            <object_component_ref idref="oc-69"/>
            <object_component_ref idref="oc-6c"/>
            <object_component_ref idref="oc-72"/>
            <object_component_ref idref="oc-76"/>
            <object_component_ref idref="oc-7c"/>
            <object_component_ref idref="oc-80"/>
         </contents>
      </logical_group>
      <logical_group id="lg-9a" display="never" color="cyan">
         <name>.debug_abbrev</name>
         <load_address>0x0</load_address>
         <run_address>0x0</run_address>
         <size>0x12ec</size>
         <contents>
            <object_component_ref idref="oc-6"/>
            <object_component_ref idref="oc-a"/>
            <object_component_ref idref="oc-e"/>
            <object_component_ref idref="oc-14"/>
            <object_component_ref idref="oc-18"/>
            <object_component_ref idref="oc-1c"/>
            <object_component_ref idref="oc-20"/>
            <object_component_ref idref="oc-26"/>
            <object_component_ref idref="oc-29"/>
            <object_component_ref idref="oc-2c"/>
            <object_component_ref idref="oc-2f"/>
            <object_component_ref idref="oc-36"/>
            <object_component_ref idref="oc-3a"/>
            <object_component_ref idref="oc-3e"/>
            <object_component_ref idref="oc-42"/>
            <object_component_ref idref="oc-46"/>
            <object_component_ref idref="oc-4a"/>
            <object_component_ref idref="oc-4e"/>
            <object_component_ref idref="oc-54"/>
            <object_component_ref idref="oc-58"/>
            <object_component_ref idref="oc-5c"/>
            <object_component_ref idref="oc-60"/>
            <object_component_ref idref="oc-64"/>
            <object_component_ref idref="oc-67"/>
            <object_component_ref idref="oc-6a"/>
            <object_component_ref idref="oc-6d"/>
            <object_component_ref idref="oc-73"/>
            <object_component_ref idref="oc-77"/>
            <object_component_ref idref="oc-7d"/>
            <object_component_ref idref="oc-81"/>
            <object_component_ref idref="oc-a7"/>
         </contents>
      </logical_group>
      <logical_group id="lg-9c" display="no" color="cyan">
         <name>.stack</name>
         <run_address>0x5e8</run_address>
         <size>0x800</size>
         <contents>
            <object_component_ref idref="oc-10"/>
            <object_component_ref idref="oc-a1"/>
         </contents>
      </logical_group>
      <logical_group id="lg-9e" display="no" color="cyan">
         <name>.sysmem</name>
         <run_address>0xde8</run_address>
         <size>0x800</size>
         <contents>
            <object_component_ref idref="oc-33"/>
            <object_component_ref idref="oc-a2"/>
         </contents>
      </logical_group>
   </logical_group_list>
   <placement_map>
      <memory_area display="yes" color="green">
         <name>RAM</name>
         <page_id>0x0</page_id>
         <origin>0x0</origin>
         <length>0xffffffff</length>
         <used_space>0x15e8</used_space>
         <unused_space>0xffffea17</unused_space>
         <attributes>RWIX</attributes>
         <usage_details>
            <allocated_space>
               <start_address>0x0</start_address>
               <size>0x0</size>
               <logical_group_ref idref="lg-8a"/>
            </allocated_space>
            <allocated_space>
               <start_address>0x0</start_address>
               <size>0x380</size>
               <logical_group_ref idref="lg-88"/>
            </allocated_space>
            <allocated_space>
               <start_address>0x380</start_address>
               <size>0x160</size>
               <logical_group_ref idref="lg-8b"/>
            </allocated_space>
            <allocated_space>
               <start_address>0x4e0</start_address>
               <size>0x108</size>
               <logical_group_ref idref="lg-8c"/>
            </allocated_space>
            <allocated_space>
               <start_address>0x5e8</start_address>
               <size>0x800</size>
               <logical_group_ref idref="lg-9c"/>
            </allocated_space>
            <allocated_space>
               <start_address>0xde8</start_address>
               <size>0x800</size>
               <logical_group_ref idref="lg-9e"/>
            </allocated_space>
            <available_space>
               <start_address>0x15e8</start_address>
               <size>0xffffea17</size>
            </available_space>
         </usage_details>
      </memory_area>
   </placement_map>
   <symbol_table>
      <symbol id="sm-0">
         <name>cinit</name>
         <value>0x4e0</value>
      </symbol>
      <symbol id="sm-1">
         <name>___cinit__</name>
         <value>0x4e0</value>
      </symbol>
      <symbol id="sm-2">
         <name>pinit</name>
         <value>0xffffffff</value>
      </symbol>
      <symbol id="sm-3">
         <name>___pinit__</name>
         <value>0xffffffff</value>
      </symbol>
      <symbol id="sm-4">
         <name>binit</name>
         <value>0xffffffff</value>
      </symbol>
      <symbol id="sm-5">
         <name>___binit__</name>
         <value>0xffffffff</value>
      </symbol>
      <symbol id="sm-6">
         <name>__STACK_SIZE</name>
         <value>0x800</value>
      </symbol>
      <symbol id="sm-7">
         <name>__STACK_END</name>
         <value>0xde8</value>
      </symbol>
      <symbol id="sm-8">
         <name>__SYSMEM_SIZE</name>
         <value>0x800</value>
      </symbol>
      <symbol id="sm-9">
         <name>___c_args__</name>
         <value>0xffffffff</value>
      </symbol>
      <symbol id="sm-a">
         <name>.text</name>
         <value>0x0</value>
      </symbol>
      <symbol id="sm-b">
         <name>___text__</name>
         <value>0x0</value>
      </symbol>
      <symbol id="sm-c">
         <name>etext</name>
         <value>0x380</value>
      </symbol>
      <symbol id="sm-d">
         <name>___etext__</name>
         <value>0x380</value>
      </symbol>
      <symbol id="sm-e">
         <name>.data</name>
         <value>0x0</value>
      </symbol>
      <symbol id="sm-f">
         <name>___data__</name>
         <value>0x0</value>
      </symbol>
      <symbol id="sm-10">
         <name>edata</name>
         <value>0x0</value>
      </symbol>
      <symbol id="sm-11">
         <name>___edata__</name>
         <value>0x0</value>
      </symbol>
      <symbol id="sm-12">
         <name>.bss</name>
         <value>0x380</value>
      </symbol>
      <symbol id="sm-13">
         <name>___bss__</name>
         <value>0x380</value>
      </symbol>
      <symbol id="sm-14">
         <name>end</name>
         <value>0x4e0</value>
      </symbol>
      <symbol id="sm-15">
         <name>___end__</name>
         <value>0x4e0</value>
      </symbol>
      <symbol id="sm-3a">
         <name>_main</name>
         <value>0x37c</value>
         <object_component_ref idref="oc-86"/>
      </symbol>
      <symbol id="sm-5e">
         <name>_c_int00</name>
         <value>0x2f4</value>
         <object_component_ref idref="oc-2"/>
      </symbol>
      <symbol id="sm-5f">
         <name>__stack</name>
         <value>0x5e8</value>
         <object_component_ref idref="oc-10"/>
      </symbol>
      <symbol id="sm-60">
         <name>_stkchk_called</name>
         <value>0x4d4</value>
         <object_component_ref idref="oc-f"/>
      </symbol>
      <symbol id="sm-94">
         <name>C$$EXIT</name>
         <value>0x228</value>
         <object_component_ref idref="oc-83"/>
      </symbol>
      <symbol id="sm-95">
         <name>_exit</name>
         <value>0x23c</value>
         <object_component_ref idref="oc-83"/>
      </symbol>
      <symbol id="sm-96">
         <name>___TI_cleanup_ptr</name>
         <value>0x4c4</value>
         <object_component_ref idref="oc-21"/>
      </symbol>
      <symbol id="sm-97">
         <name>_abort</name>
         <value>0x230</value>
         <object_component_ref idref="oc-83"/>
      </symbol>
      <symbol id="sm-98">
         <name>___TI_dtors_ptr</name>
         <value>0x4c8</value>
         <object_component_ref idref="oc-21"/>
      </symbol>
      <symbol id="sm-bc">
         <name>C_MEMCPY</name>
         <value>0x0</value>
         <object_component_ref idref="oc-87"/>
      </symbol>
      <symbol id="sm-cc">
         <name>__sys_memory</name>
         <value>0xde8</value>
         <object_component_ref idref="oc-33"/>
      </symbol>
      <symbol id="sm-de">
         <name>_main_func_sp</name>
         <value>0x4dc</value>
         <object_component_ref idref="oc-3b"/>
      </symbol>
      <symbol id="sm-106">
         <name>__Inf</name>
         <value>0x460</value>
         <object_component_ref idref="oc-4b"/>
      </symbol>
      <symbol id="sm-107">
         <name>__Eps</name>
         <value>0x440</value>
         <object_component_ref idref="oc-4b"/>
      </symbol>
      <symbol id="sm-108">
         <name>__Rteps</name>
         <value>0x490</value>
         <object_component_ref idref="oc-4b"/>
      </symbol>
      <symbol id="sm-109">
         <name>__Snan</name>
         <value>0x480</value>
         <object_component_ref idref="oc-4b"/>
      </symbol>
      <symbol id="sm-10a">
         <name>__Denorm</name>
         <value>0x430</value>
         <object_component_ref idref="oc-4b"/>
      </symbol>
      <symbol id="sm-10b">
         <name>__Xbig</name>
         <value>0x4a0</value>
         <object_component_ref idref="oc-4b"/>
      </symbol>
      <symbol id="sm-10c">
         <name>__Hugeval</name>
         <value>0x450</value>
         <object_component_ref idref="oc-4b"/>
      </symbol>
      <symbol id="sm-10d">
         <name>__Nan</name>
         <value>0x470</value>
         <object_component_ref idref="oc-4b"/>
      </symbol>
      <symbol id="sm-10e">
         <name>__Zero</name>
         <value>0x4a8</value>
         <object_component_ref idref="oc-4b"/>
      </symbol>
      <symbol id="sm-127">
         <name>__unlock</name>
         <value>0x4c0</value>
         <object_component_ref idref="oc-4f"/>
      </symbol>
      <symbol id="sm-128">
         <name>__lock</name>
         <value>0x4bc</value>
         <object_component_ref idref="oc-4f"/>
      </symbol>
      <symbol id="sm-129">
         <name>__register_lock</name>
         <value>0x344</value>
         <object_component_ref idref="oc-84"/>
      </symbol>
      <symbol id="sm-12a">
         <name>__nop</name>
         <value>0x350</value>
         <object_component_ref idref="oc-84"/>
      </symbol>
      <symbol id="sm-12b">
         <name>__register_unlock</name>
         <value>0x338</value>
         <object_component_ref idref="oc-84"/>
      </symbol>
      <symbol id="sm-139">
         <name>__args_main</name>
         <value>0x35c</value>
         <object_component_ref idref="oc-82"/>
      </symbol>
      <symbol id="sm-13a">
         <name>__TI_args_main</name>
         <value>0x1</value>
      </symbol>
      <symbol id="sm-152">
         <name>__TI_auto_init</name>
         <value>0x180</value>
         <object_component_ref idref="oc-59"/>
      </symbol>
      <symbol id="sm-161">
         <name>_copy_in</name>
         <value>0x2a0</value>
         <object_component_ref idref="oc-85"/>
      </symbol>
      <symbol id="sm-16c">
         <name>__Errno</name>
         <value>0x4d8</value>
         <object_component_ref idref="oc-61"/>
      </symbol>
      <symbol id="sm-189">
         <name>__Tls_setup__Fenv</name>
         <value>0x4d0</value>
         <object_component_ref idref="oc-6e"/>
      </symbol>
      <symbol id="sm-18a">
         <name>__Fenv</name>
         <value>0x4cc</value>
         <object_component_ref idref="oc-6e"/>
      </symbol>
   </symbol_table>
   <title>Link successful</title>
</link_info>
