******************************************************************************
                  TI ARM Linker PC v5.1.1                      
******************************************************************************
>> Linked Thu Apr 28 15:27:15 2016

OUTPUT FILE NAME:   <GuitarTuner.out>
ENTRY POINT SYMBOL: "_c_int00"  address: 000002f4


MEMORY CONFIGURATION

         name            origin    length      used     unused   attr    fill
----------------------  --------  ---------  --------  --------  ----  --------
  RAM                   00000000   ffffffff  000015e8  ffffea17  RWIX


SECTION ALLOCATION MAP

 output                                  attributes/
section   page    origin      length       input sections
--------  ----  ----------  ----------   ----------------
.text      0    00000000    00000380     
                  00000000    00000180     rtsv6_A_be_tiarm9.lib : memcpy32.obj (.text)
                  00000180    000000a8                           : auto_init.obj (.text)
                  00000228    00000078                           : exit.obj (.text)
                  000002a0    00000054                           : cpy_tbl.obj (.text)
                  000002f4    00000044                           : boot.obj (.text)
                  00000338    00000024                           : _lock.obj (.text)
                  0000035c    00000020                           : args_main.obj (.text)
                  0000037c    00000004     main.obj (.text)

.data      0    00000000    00000000     UNINITIALIZED

.pinit     0    00000000    00000000     UNINITIALIZED

.bss       0    00000380    00000160     UNINITIALIZED
                  00000380    000000b0     rtsv6_A_be_tiarm9.lib : signal.obj (.bss:_sigtable)
                  00000430    00000080                           : xvalues.obj (.bss)
                  000004b0    0000000c                           : memory.obj (.bss)
                  000004bc    00000008                           : _lock.obj (.bss)
                  000004c4    00000008                           : exit.obj (.bss)
                  000004cc    00000008                           : feraiseexcept.obj (.bss)
                  000004d4    00000004                           : boot.obj (.bss)
                  000004d8    00000004                           : errno.obj (.bss)
                  000004dc    00000004                           : stkdepth_vars.obj (.bss)

.cinit     0    000004e0    00000108     
                  000004e0    00000090     rtsv6_A_be_tiarm9.lib : xvalues.obj (.cinit)
                  00000570    00000014                           : memory.obj (.cinit)
                  00000584    00000010                           : _lock.obj (.cinit)
                  00000594    00000010                           : exit.obj (.cinit)
                  000005a4    00000010                           : feraiseexcept.obj (.cinit)
                  000005b4    0000000c                           : boot.obj (.cinit)
                  000005c0    0000000c                           : errno.obj (.cinit)
                  000005cc    0000000c                           : signal.obj (.cinit)
                  000005d8    0000000c                           : stkdepth_vars.obj (.cinit)
                  000005e4    00000004     --HOLE-- [fill = 0]

.stack     0    000005e8    00000800     UNINITIALIZED
                  000005e8    00000800     --HOLE--

.sysmem    0    00000de8    00000800     UNINITIALIZED
                  00000de8    00000008     rtsv6_A_be_tiarm9.lib : memory.obj (.sysmem)
                  00000df0    000007f8     --HOLE--


GLOBAL SYMBOLS: SORTED ALPHABETICALLY BY Name 

address    name
--------   ----
00000380   .bss
00000000   .data
00000000   .text
00000228   C$$EXIT
00000000   C_MEMCPY
00000430   __Denorm
00000440   __Eps
000004d8   __Errno
000004cc   __Fenv
00000450   __Hugeval
00000460   __Inf
00000470   __Nan
00000490   __Rteps
00000de8   __STACK_END
00000800   __STACK_SIZE
00000800   __SYSMEM_SIZE
00000480   __Snan
00000001   __TI_args_main
00000180   __TI_auto_init
000004d0   __Tls_setup__Fenv
000004a0   __Xbig
000004a8   __Zero
000004c4   ___TI_cleanup_ptr
000004c8   ___TI_dtors_ptr
ffffffff   ___binit__
00000380   ___bss__
ffffffff   ___c_args__
000004e0   ___cinit__
00000000   ___data__
00000000   ___edata__
000004e0   ___end__
00000380   ___etext__
ffffffff   ___pinit__
00000000   ___text__
0000035c   __args_main
000004bc   __lock
00000350   __nop
00000344   __register_lock
00000338   __register_unlock
000005e8   __stack
00000de8   __sys_memory
000004c0   __unlock
00000230   _abort
000002f4   _c_int00
000002a0   _copy_in
0000023c   _exit
0000037c   _main
000004dc   _main_func_sp
000004d4   _stkchk_called
ffffffff   binit
000004e0   cinit
00000000   edata
000004e0   end
00000380   etext
ffffffff   pinit


GLOBAL SYMBOLS: SORTED BY Symbol Address 

address    name
--------   ----
00000000   .data
00000000   .text
00000000   C_MEMCPY
00000000   ___data__
00000000   ___edata__
00000000   ___text__
00000000   edata
00000001   __TI_args_main
00000180   __TI_auto_init
00000228   C$$EXIT
00000230   _abort
0000023c   _exit
000002a0   _copy_in
000002f4   _c_int00
00000338   __register_unlock
00000344   __register_lock
00000350   __nop
0000035c   __args_main
0000037c   _main
00000380   .bss
00000380   ___bss__
00000380   ___etext__
00000380   etext
00000430   __Denorm
00000440   __Eps
00000450   __Hugeval
00000460   __Inf
00000470   __Nan
00000480   __Snan
00000490   __Rteps
000004a0   __Xbig
000004a8   __Zero
000004bc   __lock
000004c0   __unlock
000004c4   ___TI_cleanup_ptr
000004c8   ___TI_dtors_ptr
000004cc   __Fenv
000004d0   __Tls_setup__Fenv
000004d4   _stkchk_called
000004d8   __Errno
000004dc   _main_func_sp
000004e0   ___cinit__
000004e0   ___end__
000004e0   cinit
000004e0   end
000005e8   __stack
00000800   __STACK_SIZE
00000800   __SYSMEM_SIZE
00000de8   __STACK_END
00000de8   __sys_memory
ffffffff   ___binit__
ffffffff   ___c_args__
ffffffff   ___pinit__
ffffffff   binit
ffffffff   pinit

[55 symbols]
