<?xml version="1.0"?>
<link_info>
   <banner>TMS320C55x Linker PC v4.4.1</banner>
   <copyright>Copyright (c) 1996-2012 Texas Instruments Incorporated</copyright>
   <link_time>0x572112d8</link_time>
   <output_file>CCS_improved_loopback_eZdsp05.out</output_file>
   <entry_point>
      <name>_c_int00</name>
      <address>0x15120</address>
   </entry_point>
   <input_file_list>
      <input_file id="fl-2">
         <path>.\</path>
         <kind>object</kind>
         <file>usbstk5505_led.obj</file>
         <name>usbstk5505_led.obj</name>
      </input_file>
      <input_file id="fl-3">
         <path>.\</path>
         <kind>object</kind>
         <file>usbstk5505_i2c.obj</file>
         <name>usbstk5505_i2c.obj</name>
      </input_file>
      <input_file id="fl-4">
         <path>.\</path>
         <kind>object</kind>
         <file>usbstk5505_gpio.obj</file>
         <name>usbstk5505_gpio.obj</name>
      </input_file>
      <input_file id="fl-5">
         <path>.\</path>
         <kind>object</kind>
         <file>usbstk5505.obj</file>
         <name>usbstk5505.obj</name>
      </input_file>
      <input_file id="fl-6">
         <path>.\</path>
         <kind>object</kind>
         <file>stereo.obj</file>
         <name>stereo.obj</name>
      </input_file>
      <input_file id="fl-7">
         <path>.\</path>
         <kind>object</kind>
         <file>main.obj</file>
         <name>main.obj</name>
      </input_file>
      <input_file id="fl-8">
         <path>.\</path>
         <kind>object</kind>
         <file>aic3204_init.obj</file>
         <name>aic3204_init.obj</name>
      </input_file>
      <input_file id="fl-9">
         <path>.\</path>
         <kind>object</kind>
         <file>aic3204.obj</file>
         <name>aic3204.obj</name>
      </input_file>
      <input_file id="fl-a">
         <path>.\</path>
         <kind>object</kind>
         <file>PLL.obj</file>
         <name>PLL.obj</name>
      </input_file>
      <input_file id="fl-b">
         <path>.\</path>
         <kind>object</kind>
         <file>LEDFlasher.obj</file>
         <name>LEDFlasher.obj</name>
      </input_file>
      <input_file id="fl-11">
         <path>..\lib\</path>
         <kind>archive</kind>
         <file>CSLc55x5h.lib</file>
         <name>csl_pll.obj</name>
      </input_file>
      <input_file id="fl-25">
         <path>C:\ti\ccsv5\tools\compiler\c5500_4.4.1\lib\</path>
         <kind>archive</kind>
         <file>rts55h.lib</file>
         <name>boot.obj</name>
      </input_file>
      <input_file id="fl-26">
         <path>C:\ti\ccsv5\tools\compiler\c5500_4.4.1\lib\</path>
         <kind>archive</kind>
         <file>rts55h.lib</file>
         <name>exit.obj</name>
      </input_file>
      <input_file id="fl-27">
         <path>C:\ti\ccsv5\tools\compiler\c5500_4.4.1\lib\</path>
         <kind>archive</kind>
         <file>rts55h.lib</file>
         <name>fputs.obj</name>
      </input_file>
      <input_file id="fl-28">
         <path>C:\ti\ccsv5\tools\compiler\c5500_4.4.1\lib\</path>
         <kind>archive</kind>
         <file>rts55h.lib</file>
         <name>lowlev.obj</name>
      </input_file>
      <input_file id="fl-29">
         <path>C:\ti\ccsv5\tools\compiler\c5500_4.4.1\lib\</path>
         <kind>archive</kind>
         <file>rts55h.lib</file>
         <name>memcpy.obj</name>
      </input_file>
      <input_file id="fl-2a">
         <path>C:\ti\ccsv5\tools\compiler\c5500_4.4.1\lib\</path>
         <kind>archive</kind>
         <file>rts55h.lib</file>
         <name>printf.obj</name>
      </input_file>
      <input_file id="fl-2b">
         <path>C:\ti\ccsv5\tools\compiler\c5500_4.4.1\lib\</path>
         <kind>archive</kind>
         <file>rts55h.lib</file>
         <name>trgdrv.obj</name>
      </input_file>
      <input_file id="fl-2c">
         <path>C:\ti\ccsv5\tools\compiler\c5500_4.4.1\lib\</path>
         <kind>archive</kind>
         <file>rts55h.lib</file>
         <name>trgmsg.obj</name>
      </input_file>
      <input_file id="fl-2d">
         <path>C:\ti\ccsv5\tools\compiler\c5500_4.4.1\lib\</path>
         <kind>archive</kind>
         <file>rts55h.lib</file>
         <name>udiv.obj</name>
      </input_file>
      <input_file id="fl-2e">
         <path>C:\ti\ccsv5\tools\compiler\c5500_4.4.1\lib\</path>
         <kind>archive</kind>
         <file>rts55h.lib</file>
         <name>vectors.obj</name>
      </input_file>
      <input_file id="fl-2f">
         <path>C:\ti\ccsv5\tools\compiler\c5500_4.4.1\lib\</path>
         <kind>archive</kind>
         <file>rts55h.lib</file>
         <name>_io_perm.obj</name>
      </input_file>
      <input_file id="fl-30">
         <path>C:\ti\ccsv5\tools\compiler\c5500_4.4.1\lib\</path>
         <kind>archive</kind>
         <file>rts55h.lib</file>
         <name>_lock.obj</name>
      </input_file>
      <input_file id="fl-31">
         <path>C:\ti\ccsv5\tools\compiler\c5500_4.4.1\lib\</path>
         <kind>archive</kind>
         <file>rts55h.lib</file>
         <name>_printfi.obj</name>
      </input_file>
      <input_file id="fl-32">
         <path>C:\ti\ccsv5\tools\compiler\c5500_4.4.1\lib\</path>
         <kind>archive</kind>
         <file>rts55h.lib</file>
         <name>args_main.obj</name>
      </input_file>
      <input_file id="fl-33">
         <path>C:\ti\ccsv5\tools\compiler\c5500_4.4.1\lib\</path>
         <kind>archive</kind>
         <file>rts55h.lib</file>
         <name>atoi.obj</name>
      </input_file>
      <input_file id="fl-34">
         <path>C:\ti\ccsv5\tools\compiler\c5500_4.4.1\lib\</path>
         <kind>archive</kind>
         <file>rts55h.lib</file>
         <name>autoinit.obj</name>
      </input_file>
      <input_file id="fl-35">
         <path>C:\ti\ccsv5\tools\compiler\c5500_4.4.1\lib\</path>
         <kind>archive</kind>
         <file>rts55h.lib</file>
         <name>cmpd.obj</name>
      </input_file>
      <input_file id="fl-36">
         <path>C:\ti\ccsv5\tools\compiler\c5500_4.4.1\lib\</path>
         <kind>archive</kind>
         <file>rts55h.lib</file>
         <name>ctype.obj</name>
      </input_file>
      <input_file id="fl-37">
         <path>C:\ti\ccsv5\tools\compiler\c5500_4.4.1\lib\</path>
         <kind>archive</kind>
         <file>rts55h.lib</file>
         <name>defs.obj</name>
      </input_file>
      <input_file id="fl-38">
         <path>C:\ti\ccsv5\tools\compiler\c5500_4.4.1\lib\</path>
         <kind>archive</kind>
         <file>rts55h.lib</file>
         <name>divd.obj</name>
      </input_file>
      <input_file id="fl-39">
         <path>C:\ti\ccsv5\tools\compiler\c5500_4.4.1\lib\</path>
         <kind>archive</kind>
         <file>rts55h.lib</file>
         <name>divul.obj</name>
      </input_file>
      <input_file id="fl-3a">
         <path>C:\ti\ccsv5\tools\compiler\c5500_4.4.1\lib\</path>
         <kind>archive</kind>
         <file>rts55h.lib</file>
         <name>fflush.obj</name>
      </input_file>
      <input_file id="fl-3b">
         <path>C:\ti\ccsv5\tools\compiler\c5500_4.4.1\lib\</path>
         <kind>archive</kind>
         <file>rts55h.lib</file>
         <name>fixdi.obj</name>
      </input_file>
      <input_file id="fl-3c">
         <path>C:\ti\ccsv5\tools\compiler\c5500_4.4.1\lib\</path>
         <kind>archive</kind>
         <file>rts55h.lib</file>
         <name>fixdli.obj</name>
      </input_file>
      <input_file id="fl-3d">
         <path>C:\ti\ccsv5\tools\compiler\c5500_4.4.1\lib\</path>
         <kind>archive</kind>
         <file>rts55h.lib</file>
         <name>fltlid.obj</name>
      </input_file>
      <input_file id="fl-3e">
         <path>C:\ti\ccsv5\tools\compiler\c5500_4.4.1\lib\</path>
         <kind>archive</kind>
         <file>rts55h.lib</file>
         <name>fputc.obj</name>
      </input_file>
      <input_file id="fl-3f">
         <path>C:\ti\ccsv5\tools\compiler\c5500_4.4.1\lib\</path>
         <kind>archive</kind>
         <file>rts55h.lib</file>
         <name>frcmpyd_div.obj</name>
      </input_file>
      <input_file id="fl-40">
         <path>C:\ti\ccsv5\tools\compiler\c5500_4.4.1\lib\</path>
         <kind>archive</kind>
         <file>rts55h.lib</file>
         <name>fseek.obj</name>
      </input_file>
      <input_file id="fl-41">
         <path>C:\ti\ccsv5\tools\compiler\c5500_4.4.1\lib\</path>
         <kind>archive</kind>
         <file>rts55h.lib</file>
         <name>isinf.obj</name>
      </input_file>
      <input_file id="fl-42">
         <path>C:\ti\ccsv5\tools\compiler\c5500_4.4.1\lib\</path>
         <kind>archive</kind>
         <file>rts55h.lib</file>
         <name>llmpy.obj</name>
      </input_file>
      <input_file id="fl-43">
         <path>C:\ti\ccsv5\tools\compiler\c5500_4.4.1\lib\</path>
         <kind>archive</kind>
         <file>rts55h.lib</file>
         <name>lmpy.obj</name>
      </input_file>
      <input_file id="fl-44">
         <path>C:\ti\ccsv5\tools\compiler\c5500_4.4.1\lib\</path>
         <kind>archive</kind>
         <file>rts55h.lib</file>
         <name>ltoa.obj</name>
      </input_file>
      <input_file id="fl-45">
         <path>C:\ti\ccsv5\tools\compiler\c5500_4.4.1\lib\</path>
         <kind>archive</kind>
         <file>rts55h.lib</file>
         <name>memccpy.obj</name>
      </input_file>
      <input_file id="fl-46">
         <path>C:\ti\ccsv5\tools\compiler\c5500_4.4.1\lib\</path>
         <kind>archive</kind>
         <file>rts55h.lib</file>
         <name>mpyd.obj</name>
      </input_file>
      <input_file id="fl-47">
         <path>C:\ti\ccsv5\tools\compiler\c5500_4.4.1\lib\</path>
         <kind>archive</kind>
         <file>rts55h.lib</file>
         <name>negd.obj</name>
      </input_file>
      <input_file id="fl-48">
         <path>C:\ti\ccsv5\tools\compiler\c5500_4.4.1\lib\</path>
         <kind>archive</kind>
         <file>rts55h.lib</file>
         <name>remli.obj</name>
      </input_file>
      <input_file id="fl-49">
         <path>C:\ti\ccsv5\tools\compiler\c5500_4.4.1\lib\</path>
         <kind>archive</kind>
         <file>rts55h.lib</file>
         <name>remul.obj</name>
      </input_file>
      <input_file id="fl-4a">
         <path>C:\ti\ccsv5\tools\compiler\c5500_4.4.1\lib\</path>
         <kind>archive</kind>
         <file>rts55h.lib</file>
         <name>setvbuf.obj</name>
      </input_file>
      <input_file id="fl-4b">
         <path>C:\ti\ccsv5\tools\compiler\c5500_4.4.1\lib\</path>
         <kind>archive</kind>
         <file>rts55h.lib</file>
         <name>subd.obj</name>
      </input_file>
      <input_file id="fl-4c">
         <path>C:\ti\ccsv5\tools\compiler\c5500_4.4.1\lib\</path>
         <kind>archive</kind>
         <file>rts55h.lib</file>
         <name>addd.obj</name>
      </input_file>
      <input_file id="fl-4d">
         <path>C:\ti\ccsv5\tools\compiler\c5500_4.4.1\lib\</path>
         <kind>archive</kind>
         <file>rts55h.lib</file>
         <name>divli.obj</name>
      </input_file>
      <input_file id="fl-4e">
         <path>C:\ti\ccsv5\tools\compiler\c5500_4.4.1\lib\</path>
         <kind>archive</kind>
         <file>rts55h.lib</file>
         <name>fopen.obj</name>
      </input_file>
      <input_file id="fl-4f">
         <path>C:\ti\ccsv5\tools\compiler\c5500_4.4.1\lib\</path>
         <kind>archive</kind>
         <file>rts55h.lib</file>
         <name>frcmpyd.obj</name>
      </input_file>
      <input_file id="fl-50">
         <path>C:\ti\ccsv5\tools\compiler\c5500_4.4.1\lib\</path>
         <kind>archive</kind>
         <file>rts55h.lib</file>
         <name>memory.obj</name>
      </input_file>
      <input_file id="fl-51">
         <path>C:\ti\ccsv5\tools\compiler\c5500_4.4.1\lib\</path>
         <kind>archive</kind>
         <file>rts55h.lib</file>
         <name>fclose.obj</name>
      </input_file>
      <input_file id="fl-52">
         <path>C:\ti\ccsv5\tools\compiler\c5500_4.4.1\lib\</path>
         <kind>archive</kind>
         <file>rts55h.lib</file>
         <name>remove.obj</name>
      </input_file>
   </input_file_list>
   <object_component_list>
      <object_component id="oc-16">
         <name>vectors</name>
         <load_address>0xffff00</load_address>
         <run_address>0xffff00</run_address>
         <size>0x100</size>
         <input_file_ref idref="fl-2e"/>
      </object_component>
      <object_component id="oc-49">
         <name>.cinit</name>
         <load_address>0x64f0</load_address>
         <run_address>0x64f0</run_address>
         <size>0x8c</size>
         <input_file_ref idref="fl-a"/>
      </object_component>
      <object_component id="oc-6d">
         <name>.cinit</name>
         <load_address>0x657c</load_address>
         <run_address>0x657c</run_address>
         <size>0x5a</size>
         <input_file_ref idref="fl-28"/>
      </object_component>
      <object_component id="oc-af">
         <name>.cinit</name>
         <load_address>0x65d6</load_address>
         <run_address>0x65d6</run_address>
         <size>0x54</size>
         <input_file_ref idref="fl-37"/>
      </object_component>
      <object_component id="oc-51">
         <name>.cinit</name>
         <load_address>0x662a</load_address>
         <run_address>0x662a</run_address>
         <size>0x48</size>
         <input_file_ref idref="fl-b"/>
      </object_component>
      <object_component id="oc-92">
         <name>.cinit</name>
         <load_address>0x6672</load_address>
         <run_address>0x6672</run_address>
         <size>0x14</size>
         <input_file_ref idref="fl-30"/>
      </object_component>
      <object_component id="oc-61">
         <name>.cinit</name>
         <load_address>0x6686</load_address>
         <run_address>0x6686</run_address>
         <size>0x14</size>
         <input_file_ref idref="fl-26"/>
      </object_component>
      <object_component id="oc-35">
         <name>.cinit</name>
         <load_address>0x669a</load_address>
         <run_address>0x669a</run_address>
         <size>0x12</size>
         <input_file_ref idref="fl-7"/>
      </object_component>
      <object_component id="oc-10d">
         <name>.cinit</name>
         <load_address>0x66ac</load_address>
         <run_address>0x66ac</run_address>
         <size>0x8</size>
         <input_file_ref idref="fl-4e"/>
      </object_component>
      <object_component id="oc-117">
         <name>.cinit</name>
         <load_address>0x66b4</load_address>
         <run_address>0x66b4</run_address>
         <size>0x8</size>
         <input_file_ref idref="fl-50"/>
      </object_component>
      <object_component id="oc-1f">
         <name>.cinit</name>
         <load_address>0x66bc</load_address>
         <run_address>0x66bc</run_address>
         <size>0x8</size>
         <input_file_ref idref="fl-3"/>
      </object_component>
      <object_component id="oc-95">
         <name>.text</name>
         <load_address>0x10000</load_address>
         <run_address>0x10000</run_address>
         <size>0x1533</size>
         <input_file_ref idref="fl-31"/>
      </object_component>
      <object_component id="oc-78">
         <name>.text</name>
         <load_address>0x11533</load_address>
         <run_address>0x11533</run_address>
         <size>0x538</size>
         <input_file_ref idref="fl-2b"/>
      </object_component>
      <object_component id="oc-114">
         <name>.text</name>
         <load_address>0x11a6b</load_address>
         <run_address>0x11a6b</run_address>
         <size>0x533</size>
         <input_file_ref idref="fl-50"/>
      </object_component>
      <object_component id="oc-3a">
         <name>.text</name>
         <load_address>0x11f9e</load_address>
         <run_address>0x11f9e</run_address>
         <size>0x522</size>
         <input_file_ref idref="fl-8"/>
      </object_component>
      <object_component id="oc-6a">
         <name>.text</name>
         <load_address>0x124c0</load_address>
         <run_address>0x124c0</run_address>
         <size>0x518</size>
         <input_file_ref idref="fl-28"/>
      </object_component>
      <object_component id="oc-b1">
         <name>.text</name>
         <load_address>0x129d8</load_address>
         <run_address>0x129d8</run_address>
         <size>0x3c7</size>
         <input_file_ref idref="fl-38"/>
      </object_component>
      <object_component id="oc-46">
         <name>.text</name>
         <load_address>0x12d9f</load_address>
         <run_address>0x12d9f</run_address>
         <size>0x340</size>
         <input_file_ref idref="fl-a"/>
      </object_component>
      <object_component id="oc-55">
         <name>.text</name>
         <load_address>0x130df</load_address>
         <run_address>0x130df</run_address>
         <size>0x2ad</size>
         <input_file_ref idref="fl-11"/>
      </object_component>
      <object_component id="oc-10a">
         <name>.text</name>
         <load_address>0x1338c</load_address>
         <run_address>0x1338c</run_address>
         <size>0x26c</size>
         <input_file_ref idref="fl-4e"/>
      </object_component>
      <object_component id="oc-da">
         <name>.text</name>
         <load_address>0x135f8</load_address>
         <run_address>0x135f8</run_address>
         <size>0x25c</size>
         <input_file_ref idref="fl-42"/>
      </object_component>
      <object_component id="oc-102">
         <name>.text</name>
         <load_address>0x13854</load_address>
         <run_address>0x13854</run_address>
         <size>0x257</size>
         <input_file_ref idref="fl-4c"/>
      </object_component>
      <object_component id="oc-a7">
         <name>.text</name>
         <load_address>0x13aab</load_address>
         <run_address>0x13aab</run_address>
         <size>0x1ea</size>
         <input_file_ref idref="fl-35"/>
      </object_component>
      <object_component id="oc-65">
         <name>.text</name>
         <load_address>0x13c95</load_address>
         <run_address>0x13c95</run_address>
         <size>0x17b</size>
         <input_file_ref idref="fl-27"/>
      </object_component>
      <object_component id="oc-4e">
         <name>.text</name>
         <load_address>0x13e10</load_address>
         <run_address>0x13e10</run_address>
         <size>0x16b</size>
         <input_file_ref idref="fl-b"/>
      </object_component>
      <object_component id="oc-23">
         <name>.text</name>
         <load_address>0x13f7b</load_address>
         <run_address>0x13f7b</run_address>
         <size>0x164</size>
         <input_file_ref idref="fl-4"/>
      </object_component>
      <object_component id="oc-32">
         <name>.text</name>
         <load_address>0x140df</load_address>
         <run_address>0x140df</run_address>
         <size>0x162</size>
         <input_file_ref idref="fl-7"/>
      </object_component>
      <object_component id="oc-ea">
         <name>.text</name>
         <load_address>0x14241</load_address>
         <run_address>0x14241</run_address>
         <size>0x14b</size>
         <input_file_ref idref="fl-46"/>
      </object_component>
      <object_component id="oc-40">
         <name>.text</name>
         <load_address>0x1438c</load_address>
         <run_address>0x1438c</run_address>
         <size>0x13b</size>
         <input_file_ref idref="fl-9"/>
      </object_component>
      <object_component id="oc-1c">
         <name>.text</name>
         <load_address>0x144c7</load_address>
         <run_address>0x144c7</run_address>
         <size>0x12a</size>
         <input_file_ref idref="fl-3"/>
      </object_component>
      <object_component id="oc-fa">
         <name>.text</name>
         <load_address>0x145f1</load_address>
         <run_address>0x145f1</run_address>
         <size>0xf3</size>
         <input_file_ref idref="fl-4a"/>
      </object_component>
      <object_component id="oc-8b">
         <name>.text</name>
         <load_address>0x146e4</load_address>
         <run_address>0x146e4</run_address>
         <size>0xda</size>
         <input_file_ref idref="fl-2f"/>
      </object_component>
      <object_component id="oc-80">
         <name>.text:CIO_breakpoint</name>
         <load_address>0x147be</load_address>
         <run_address>0x147be</run_address>
         <size>0xbe</size>
         <input_file_ref idref="fl-2c"/>
      </object_component>
      <object_component id="oc-b9">
         <name>.text</name>
         <load_address>0x1487c</load_address>
         <run_address>0x1487c</run_address>
         <size>0xba</size>
         <input_file_ref idref="fl-3a"/>
      </object_component>
      <object_component id="oc-ca">
         <name>.text</name>
         <load_address>0x14936</load_address>
         <run_address>0x14936</run_address>
         <size>0xa2</size>
         <input_file_ref idref="fl-3e"/>
      </object_component>
      <object_component id="oc-b5">
         <name>.text</name>
         <load_address>0x149d8</load_address>
         <run_address>0x149d8</run_address>
         <size>0xa0</size>
         <input_file_ref idref="fl-39"/>
      </object_component>
      <object_component id="oc-e2">
         <name>.text</name>
         <load_address>0x14a78</load_address>
         <run_address>0x14a78</run_address>
         <size>0x79</size>
         <input_file_ref idref="fl-44"/>
      </object_component>
      <object_component id="oc-11b">
         <name>.text</name>
         <load_address>0x14af1</load_address>
         <run_address>0x14af1</run_address>
         <size>0x76</size>
         <input_file_ref idref="fl-51"/>
      </object_component>
      <object_component id="oc-110">
         <name>.text</name>
         <load_address>0x14b67</load_address>
         <run_address>0x14b67</run_address>
         <size>0x76</size>
         <input_file_ref idref="fl-4f"/>
      </object_component>
      <object_component id="oc-ce">
         <name>.text</name>
         <load_address>0x14bdd</load_address>
         <run_address>0x14bdd</run_address>
         <size>0x73</size>
         <input_file_ref idref="fl-3f"/>
      </object_component>
      <object_component id="oc-f6">
         <name>.text</name>
         <load_address>0x14c50</load_address>
         <run_address>0x14c50</run_address>
         <size>0x70</size>
         <input_file_ref idref="fl-49"/>
      </object_component>
      <object_component id="oc-c1">
         <name>.text</name>
         <load_address>0x14cc0</load_address>
         <run_address>0x14cc0</run_address>
         <size>0x6e</size>
         <input_file_ref idref="fl-3c"/>
      </object_component>
      <object_component id="oc-7d">
         <name>.text</name>
         <load_address>0x14d2e</load_address>
         <run_address>0x14d2e</run_address>
         <size>0x6b</size>
         <input_file_ref idref="fl-2c"/>
      </object_component>
      <object_component id="oc-d2">
         <name>.text</name>
         <load_address>0x14d99</load_address>
         <run_address>0x14d99</run_address>
         <size>0x68</size>
         <input_file_ref idref="fl-40"/>
      </object_component>
      <object_component id="oc-c5">
         <name>.text</name>
         <load_address>0x14e01</load_address>
         <run_address>0x14e01</run_address>
         <size>0x67</size>
         <input_file_ref idref="fl-3d"/>
      </object_component>
      <object_component id="oc-9f">
         <name>.text</name>
         <load_address>0x14e68</load_address>
         <run_address>0x14e68</run_address>
         <size>0x59</size>
         <input_file_ref idref="fl-33"/>
      </object_component>
      <object_component id="oc-70">
         <name>.text</name>
         <load_address>0x14ec1</load_address>
         <run_address>0x14ec1</run_address>
         <size>0x56</size>
         <input_file_ref idref="fl-29"/>
      </object_component>
      <object_component id="oc-28">
         <name>.text</name>
         <load_address>0x14f17</load_address>
         <run_address>0x14f17</run_address>
         <size>0x54</size>
         <input_file_ref idref="fl-5"/>
      </object_component>
      <object_component id="oc-74">
         <name>.text</name>
         <load_address>0x14f6b</load_address>
         <run_address>0x14f6b</run_address>
         <size>0x4e</size>
         <input_file_ref idref="fl-2a"/>
      </object_component>
      <object_component id="oc-a3">
         <name>.text</name>
         <load_address>0x14fb9</load_address>
         <run_address>0x14fb9</run_address>
         <size>0x4d</size>
         <input_file_ref idref="fl-34"/>
      </object_component>
      <object_component id="oc-f2">
         <name>.text</name>
         <load_address>0x15006</load_address>
         <run_address>0x15006</run_address>
         <size>0x4b</size>
         <input_file_ref idref="fl-48"/>
      </object_component>
      <object_component id="oc-9b">
         <name>.text</name>
         <load_address>0x15051</load_address>
         <run_address>0x15051</run_address>
         <size>0x49</size>
         <input_file_ref idref="fl-32"/>
      </object_component>
      <object_component id="oc-106">
         <name>.text</name>
         <load_address>0x1509a</load_address>
         <run_address>0x1509a</run_address>
         <size>0x48</size>
         <input_file_ref idref="fl-4d"/>
      </object_component>
      <object_component id="oc-5e">
         <name>.text</name>
         <load_address>0x150e2</load_address>
         <run_address>0x150e2</run_address>
         <size>0x3e</size>
         <input_file_ref idref="fl-26"/>
      </object_component>
      <object_component id="oc-15">
         <name>.text</name>
         <load_address>0x15120</load_address>
         <run_address>0x15120</run_address>
         <size>0x34</size>
         <input_file_ref idref="fl-25"/>
      </object_component>
      <object_component id="oc-17">
         <name>.text</name>
         <load_address>0x15154</load_address>
         <run_address>0x15154</run_address>
         <size>0x2d</size>
         <input_file_ref idref="fl-2"/>
      </object_component>
      <object_component id="oc-bd">
         <name>.text</name>
         <load_address>0x15181</load_address>
         <run_address>0x15181</run_address>
         <size>0x2a</size>
         <input_file_ref idref="fl-3b"/>
      </object_component>
      <object_component id="oc-83">
         <name>.text</name>
         <load_address>0x151ab</load_address>
         <run_address>0x151ab</run_address>
         <size>0x2a</size>
         <input_file_ref idref="fl-2d"/>
      </object_component>
      <object_component id="oc-e6">
         <name>.text</name>
         <load_address>0x151d5</load_address>
         <run_address>0x151d5</run_address>
         <size>0x22</size>
         <input_file_ref idref="fl-45"/>
      </object_component>
      <object_component id="oc-2d">
         <name>.text</name>
         <load_address>0x151f7</load_address>
         <run_address>0x151f7</run_address>
         <size>0x1c</size>
         <input_file_ref idref="fl-6"/>
      </object_component>
      <object_component id="oc-d6">
         <name>.text</name>
         <load_address>0x15213</load_address>
         <run_address>0x15213</run_address>
         <size>0x1a</size>
         <input_file_ref idref="fl-41"/>
      </object_component>
      <object_component id="oc-fe">
         <name>.text</name>
         <load_address>0x1522d</load_address>
         <run_address>0x1522d</run_address>
         <size>0x14</size>
         <input_file_ref idref="fl-4b"/>
      </object_component>
      <object_component id="oc-de">
         <name>.text</name>
         <load_address>0x15241</load_address>
         <run_address>0x15241</run_address>
         <size>0x13</size>
         <input_file_ref idref="fl-43"/>
      </object_component>
      <object_component id="oc-8f">
         <name>.text</name>
         <load_address>0x15254</load_address>
         <run_address>0x15254</run_address>
         <size>0x12</size>
         <input_file_ref idref="fl-30"/>
      </object_component>
      <object_component id="oc-ee">
         <name>.text</name>
         <load_address>0x15266</load_address>
         <run_address>0x15266</run_address>
         <size>0x10</size>
         <input_file_ref idref="fl-47"/>
      </object_component>
      <object_component id="oc-11f">
         <name>.text</name>
         <load_address>0x15276</load_address>
         <run_address>0x15276</run_address>
         <size>0xa</size>
         <input_file_ref idref="fl-52"/>
      </object_component>
      <object_component id="oc-62">
         <name>.text:CIO_breakpoint</name>
         <load_address>0x15280</load_address>
         <run_address>0x15280</run_address>
         <size>0x7</size>
         <input_file_ref idref="fl-26"/>
      </object_component>
      <object_component id="oc-87">
         <name>.text</name>
         <load_address>0x15287</load_address>
         <run_address>0x15287</run_address>
         <size>0x2</size>
         <input_file_ref idref="fl-2e"/>
      </object_component>
      <object_component id="oc-5a">
         <name>.stack</name>
         <uninitialized>true</uninitialized>
         <run_address>0xc0</run_address>
         <size>0x0</size>
         <input_file_ref idref="fl-25"/>
      </object_component>
      <object_component id="oc-142">
         <name>.stack</name>
         <uninitialized>true</uninitialized>
         <run_address>0xc0</run_address>
         <size>0x0</size>
      </object_component>
      <object_component id="oc-123">
         <name>.sysstack</name>
         <uninitialized>true</uninitialized>
         <run_address>0x40c0</run_address>
         <size>0x0</size>
         <input_file_ref idref="fl-25"/>
      </object_component>
      <object_component id="oc-144">
         <name>.sysstack</name>
         <uninitialized>true</uninitialized>
         <run_address>0x40c0</run_address>
         <size>0x0</size>
      </object_component>
      <object_component id="oc-118">
         <name>.sysmem</name>
         <uninitialized>true</uninitialized>
         <run_address>0x20c0</run_address>
         <size>0x0</size>
         <input_file_ref idref="fl-50"/>
      </object_component>
      <object_component id="oc-143">
         <name>.sysmem</name>
         <uninitialized>true</uninitialized>
         <run_address>0x20c0</run_address>
         <size>0x0</size>
      </object_component>
      <object_component id="oc-7f">
         <name>.cio</name>
         <uninitialized>true</uninitialized>
         <run_address>0x62b0</run_address>
         <size>0x240</size>
         <input_file_ref idref="fl-2c"/>
      </object_component>
      <object_component id="oc-1d">
         <name>.bss</name>
         <uninitialized>true</uninitialized>
         <run_address>0x61fa</run_address>
         <size>0x2</size>
         <input_file_ref idref="fl-3"/>
      </object_component>
      <object_component id="oc-33">
         <name>.bss</name>
         <uninitialized>true</uninitialized>
         <run_address>0x627c</run_address>
         <size>0x10</size>
         <input_file_ref idref="fl-7"/>
      </object_component>
      <object_component id="oc-41">
         <name>.bss</name>
         <uninitialized>true</uninitialized>
         <run_address>0x62ac</run_address>
         <size>0x4</size>
         <input_file_ref idref="fl-9"/>
      </object_component>
      <object_component id="oc-47">
         <name>.bss</name>
         <uninitialized>true</uninitialized>
         <run_address>0x61fc</run_address>
         <size>0x6c</size>
         <input_file_ref idref="fl-a"/>
      </object_component>
      <object_component id="oc-4f">
         <name>.bss</name>
         <uninitialized>true</uninitialized>
         <run_address>0x6268</run_address>
         <size>0x14</size>
         <input_file_ref idref="fl-b"/>
      </object_component>
      <object_component id="oc-5f">
         <name>.bss</name>
         <uninitialized>true</uninitialized>
         <run_address>0x62a4</run_address>
         <size>0x8</size>
         <input_file_ref idref="fl-26"/>
      </object_component>
      <object_component id="oc-6b">
         <name>.bss</name>
         <uninitialized>true</uninitialized>
         <run_address>0x6118</run_address>
         <size>0xe2</size>
         <input_file_ref idref="fl-28"/>
      </object_component>
      <object_component id="oc-79">
         <name>.bss</name>
         <uninitialized>true</uninitialized>
         <run_address>0x5f76</run_address>
         <size>0x1a0</size>
         <input_file_ref idref="fl-2b"/>
      </object_component>
      <object_component id="oc-90">
         <name>.bss</name>
         <uninitialized>true</uninitialized>
         <run_address>0x629c</run_address>
         <size>0x8</size>
         <input_file_ref idref="fl-30"/>
      </object_component>
      <object_component id="oc-ad">
         <name>.bss</name>
         <uninitialized>true</uninitialized>
         <run_address>0x5d44</run_address>
         <size>0x232</size>
         <input_file_ref idref="fl-37"/>
      </object_component>
      <object_component id="oc-10b">
         <name>.bss</name>
         <uninitialized>true</uninitialized>
         <run_address>0x6116</run_address>
         <size>0x2</size>
         <input_file_ref idref="fl-4e"/>
      </object_component>
      <object_component id="oc-115">
         <name>.bss</name>
         <uninitialized>true</uninitialized>
         <run_address>0x628c</run_address>
         <size>0xe</size>
         <input_file_ref idref="fl-50"/>
      </object_component>
      <object_component id="oc-4a">
         <name>.const:.string</name>
         <load_address>0x50c0</load_address>
         <run_address>0x50c0</run_address>
         <size>0x46c</size>
         <input_file_ref idref="fl-a"/>
      </object_component>
      <object_component id="oc-3c">
         <name>.const:.string</name>
         <load_address>0x552c</load_address>
         <run_address>0x552c</run_address>
         <size>0x2e8</size>
         <input_file_ref idref="fl-8"/>
      </object_component>
      <object_component id="oc-36">
         <name>.const:.string</name>
         <load_address>0x5814</load_address>
         <run_address>0x5814</run_address>
         <size>0x2b6</size>
         <input_file_ref idref="fl-7"/>
      </object_component>
      <object_component id="oc-124">
         <name>.const:__ctypes_</name>
         <load_address>0x5aca</load_address>
         <run_address>0x5aca</run_address>
         <size>0x202</size>
         <input_file_ref idref="fl-36"/>
      </object_component>
      <object_component id="oc-98">
         <name>.const:.string</name>
         <load_address>0x5ccc</load_address>
         <run_address>0x5ccc</run_address>
         <size>0x48</size>
         <input_file_ref idref="fl-31"/>
      </object_component>
      <object_component id="oc-97">
         <name>.const</name>
         <load_address>0x5d14</load_address>
         <run_address>0x5d14</run_address>
         <size>0x18</size>
         <input_file_ref idref="fl-31"/>
      </object_component>
      <object_component id="oc-125">
         <name>.const:_initial_approx$1</name>
         <load_address>0x5d2c</load_address>
         <run_address>0x5d2c</run_address>
         <size>0x10</size>
         <input_file_ref idref="fl-38"/>
      </object_component>
      <object_component id="oc-67">
         <name>.const:.string</name>
         <load_address>0x5d3c</load_address>
         <run_address>0x5d3c</run_address>
         <size>0x4</size>
         <input_file_ref idref="fl-27"/>
      </object_component>
      <object_component id="oc-c7">
         <name>.const</name>
         <load_address>0x5d40</load_address>
         <run_address>0x5d40</run_address>
         <size>0x4</size>
         <input_file_ref idref="fl-3d"/>
      </object_component>
      <object_component id="oc-18">
         <name>.debug_info</name>
         <load_address>0x0</load_address>
         <run_address>0x0</run_address>
         <size>0x64c</size>
         <input_file_ref idref="fl-2"/>
      </object_component>
      <object_component id="oc-1e">
         <name>.debug_info</name>
         <load_address>0x64c</load_address>
         <run_address>0x64c</run_address>
         <size>0xb11</size>
         <input_file_ref idref="fl-3"/>
      </object_component>
      <object_component id="oc-24">
         <name>.debug_info</name>
         <load_address>0x115d</load_address>
         <run_address>0x115d</run_address>
         <size>0x818</size>
         <input_file_ref idref="fl-4"/>
      </object_component>
      <object_component id="oc-29">
         <name>.debug_info</name>
         <load_address>0x1975</load_address>
         <run_address>0x1975</run_address>
         <size>0x687</size>
         <input_file_ref idref="fl-5"/>
      </object_component>
      <object_component id="oc-2e">
         <name>.debug_info</name>
         <load_address>0x1ffc</load_address>
         <run_address>0x1ffc</run_address>
         <size>0x588</size>
         <input_file_ref idref="fl-6"/>
      </object_component>
      <object_component id="oc-34">
         <name>.debug_info</name>
         <load_address>0x2584</load_address>
         <run_address>0x2584</run_address>
         <size>0xa1f</size>
         <input_file_ref idref="fl-7"/>
      </object_component>
      <object_component id="oc-3b">
         <name>.debug_info</name>
         <load_address>0x2fa3</load_address>
         <run_address>0x2fa3</run_address>
         <size>0xe7b</size>
         <input_file_ref idref="fl-8"/>
      </object_component>
      <object_component id="oc-42">
         <name>.debug_info</name>
         <load_address>0x3e1e</load_address>
         <run_address>0x3e1e</run_address>
         <size>0xc96</size>
         <input_file_ref idref="fl-9"/>
      </object_component>
      <object_component id="oc-48">
         <name>.debug_info</name>
         <load_address>0x4ab4</load_address>
         <run_address>0x4ab4</run_address>
         <size>0x121c</size>
         <input_file_ref idref="fl-a"/>
      </object_component>
      <object_component id="oc-50">
         <name>.debug_info</name>
         <load_address>0x5cd0</load_address>
         <run_address>0x5cd0</run_address>
         <size>0x695</size>
         <input_file_ref idref="fl-b"/>
      </object_component>
      <object_component id="oc-56">
         <name>.debug_info</name>
         <load_address>0x6365</load_address>
         <run_address>0x6365</run_address>
         <size>0x5ff3</size>
         <input_file_ref idref="fl-11"/>
      </object_component>
      <object_component id="oc-5b">
         <name>.debug_info</name>
         <load_address>0xc358</load_address>
         <run_address>0xc358</run_address>
         <size>0xe8</size>
         <input_file_ref idref="fl-25"/>
      </object_component>
      <object_component id="oc-60">
         <name>.debug_info</name>
         <load_address>0xc440</load_address>
         <run_address>0xc440</run_address>
         <size>0x5fb</size>
         <input_file_ref idref="fl-26"/>
      </object_component>
      <object_component id="oc-66">
         <name>.debug_info</name>
         <load_address>0xca3b</load_address>
         <run_address>0xca3b</run_address>
         <size>0x942</size>
         <input_file_ref idref="fl-27"/>
      </object_component>
      <object_component id="oc-6c">
         <name>.debug_info</name>
         <load_address>0xd37d</load_address>
         <run_address>0xd37d</run_address>
         <size>0x144b</size>
         <input_file_ref idref="fl-28"/>
      </object_component>
      <object_component id="oc-71">
         <name>.debug_info</name>
         <load_address>0xe7c8</load_address>
         <run_address>0xe7c8</run_address>
         <size>0xd1</size>
         <input_file_ref idref="fl-29"/>
      </object_component>
      <object_component id="oc-75">
         <name>.debug_info</name>
         <load_address>0xe899</load_address>
         <run_address>0xe899</run_address>
         <size>0x76c</size>
         <input_file_ref idref="fl-2a"/>
      </object_component>
      <object_component id="oc-7a">
         <name>.debug_info</name>
         <load_address>0xf005</load_address>
         <run_address>0xf005</run_address>
         <size>0xed4</size>
         <input_file_ref idref="fl-2b"/>
      </object_component>
      <object_component id="oc-7e">
         <name>.debug_info</name>
         <load_address>0xfed9</load_address>
         <run_address>0xfed9</run_address>
         <size>0x744</size>
         <input_file_ref idref="fl-2c"/>
      </object_component>
      <object_component id="oc-84">
         <name>.debug_info</name>
         <load_address>0x1061d</load_address>
         <run_address>0x1061d</run_address>
         <size>0xef</size>
         <input_file_ref idref="fl-2d"/>
      </object_component>
      <object_component id="oc-88">
         <name>.debug_info</name>
         <load_address>0x1070c</load_address>
         <run_address>0x1070c</run_address>
         <size>0xbc</size>
         <input_file_ref idref="fl-2e"/>
      </object_component>
      <object_component id="oc-8c">
         <name>.debug_info</name>
         <load_address>0x107c8</load_address>
         <run_address>0x107c8</run_address>
         <size>0x662</size>
         <input_file_ref idref="fl-2f"/>
      </object_component>
      <object_component id="oc-91">
         <name>.debug_info</name>
         <load_address>0x10e2a</load_address>
         <run_address>0x10e2a</run_address>
         <size>0x5bc</size>
         <input_file_ref idref="fl-30"/>
      </object_component>
      <object_component id="oc-96">
         <name>.debug_info</name>
         <load_address>0x113e6</load_address>
         <run_address>0x113e6</run_address>
         <size>0x27bd</size>
         <input_file_ref idref="fl-31"/>
      </object_component>
      <object_component id="oc-9c">
         <name>.debug_info</name>
         <load_address>0x13ba3</load_address>
         <run_address>0x13ba3</run_address>
         <size>0x586</size>
         <input_file_ref idref="fl-32"/>
      </object_component>
      <object_component id="oc-a0">
         <name>.debug_info</name>
         <load_address>0x14129</load_address>
         <run_address>0x14129</run_address>
         <size>0x5a4</size>
         <input_file_ref idref="fl-33"/>
      </object_component>
      <object_component id="oc-a4">
         <name>.debug_info</name>
         <load_address>0x146cd</load_address>
         <run_address>0x146cd</run_address>
         <size>0xcd</size>
         <input_file_ref idref="fl-34"/>
      </object_component>
      <object_component id="oc-a8">
         <name>.debug_info</name>
         <load_address>0x1479a</load_address>
         <run_address>0x1479a</run_address>
         <size>0x81f</size>
         <input_file_ref idref="fl-35"/>
      </object_component>
      <object_component id="oc-ab">
         <name>.debug_info</name>
         <load_address>0x14fb9</load_address>
         <run_address>0x14fb9</run_address>
         <size>0x498</size>
         <input_file_ref idref="fl-36"/>
      </object_component>
      <object_component id="oc-ae">
         <name>.debug_info</name>
         <load_address>0x15451</load_address>
         <run_address>0x15451</run_address>
         <size>0x57e</size>
         <input_file_ref idref="fl-37"/>
      </object_component>
      <object_component id="oc-b2">
         <name>.debug_info</name>
         <load_address>0x159cf</load_address>
         <run_address>0x159cf</run_address>
         <size>0x7e8</size>
         <input_file_ref idref="fl-38"/>
      </object_component>
      <object_component id="oc-b6">
         <name>.debug_info</name>
         <load_address>0x161b7</load_address>
         <run_address>0x161b7</run_address>
         <size>0x534</size>
         <input_file_ref idref="fl-39"/>
      </object_component>
      <object_component id="oc-ba">
         <name>.debug_info</name>
         <load_address>0x166eb</load_address>
         <run_address>0x166eb</run_address>
         <size>0x706</size>
         <input_file_ref idref="fl-3a"/>
      </object_component>
      <object_component id="oc-be">
         <name>.debug_info</name>
         <load_address>0x16df1</load_address>
         <run_address>0x16df1</run_address>
         <size>0x4cf</size>
         <input_file_ref idref="fl-3b"/>
      </object_component>
      <object_component id="oc-c2">
         <name>.debug_info</name>
         <load_address>0x172c0</load_address>
         <run_address>0x172c0</run_address>
         <size>0x534</size>
         <input_file_ref idref="fl-3c"/>
      </object_component>
      <object_component id="oc-c6">
         <name>.debug_info</name>
         <load_address>0x177f4</load_address>
         <run_address>0x177f4</run_address>
         <size>0x549</size>
         <input_file_ref idref="fl-3d"/>
      </object_component>
      <object_component id="oc-cb">
         <name>.debug_info</name>
         <load_address>0x17d3d</load_address>
         <run_address>0x17d3d</run_address>
         <size>0x6aa</size>
         <input_file_ref idref="fl-3e"/>
      </object_component>
      <object_component id="oc-cf">
         <name>.debug_info</name>
         <load_address>0x183e7</load_address>
         <run_address>0x183e7</run_address>
         <size>0x53e</size>
         <input_file_ref idref="fl-3f"/>
      </object_component>
      <object_component id="oc-d3">
         <name>.debug_info</name>
         <load_address>0x18925</load_address>
         <run_address>0x18925</run_address>
         <size>0x5f7</size>
         <input_file_ref idref="fl-40"/>
      </object_component>
      <object_component id="oc-d7">
         <name>.debug_info</name>
         <load_address>0x18f1c</load_address>
         <run_address>0x18f1c</run_address>
         <size>0x680</size>
         <input_file_ref idref="fl-41"/>
      </object_component>
      <object_component id="oc-db">
         <name>.debug_info</name>
         <load_address>0x1959c</load_address>
         <run_address>0x1959c</run_address>
         <size>0x7d4</size>
         <input_file_ref idref="fl-42"/>
      </object_component>
      <object_component id="oc-df">
         <name>.debug_info</name>
         <load_address>0x19d70</load_address>
         <run_address>0x19d70</run_address>
         <size>0xbd</size>
         <input_file_ref idref="fl-43"/>
      </object_component>
      <object_component id="oc-e3">
         <name>.debug_info</name>
         <load_address>0x19e2d</load_address>
         <run_address>0x19e2d</run_address>
         <size>0x5ad</size>
         <input_file_ref idref="fl-44"/>
      </object_component>
      <object_component id="oc-e7">
         <name>.debug_info</name>
         <load_address>0x1a3da</load_address>
         <run_address>0x1a3da</run_address>
         <size>0x574</size>
         <input_file_ref idref="fl-45"/>
      </object_component>
      <object_component id="oc-eb">
         <name>.debug_info</name>
         <load_address>0x1a94e</load_address>
         <run_address>0x1a94e</run_address>
         <size>0x55b</size>
         <input_file_ref idref="fl-46"/>
      </object_component>
      <object_component id="oc-ef">
         <name>.debug_info</name>
         <load_address>0x1aea9</load_address>
         <run_address>0x1aea9</run_address>
         <size>0x4b7</size>
         <input_file_ref idref="fl-47"/>
      </object_component>
      <object_component id="oc-f3">
         <name>.debug_info</name>
         <load_address>0x1b360</load_address>
         <run_address>0x1b360</run_address>
         <size>0x4f2</size>
         <input_file_ref idref="fl-48"/>
      </object_component>
      <object_component id="oc-f7">
         <name>.debug_info</name>
         <load_address>0x1b852</load_address>
         <run_address>0x1b852</run_address>
         <size>0x534</size>
         <input_file_ref idref="fl-49"/>
      </object_component>
      <object_component id="oc-fb">
         <name>.debug_info</name>
         <load_address>0x1bd86</load_address>
         <run_address>0x1bd86</run_address>
         <size>0x64a</size>
         <input_file_ref idref="fl-4a"/>
      </object_component>
      <object_component id="oc-ff">
         <name>.debug_info</name>
         <load_address>0x1c3d0</load_address>
         <run_address>0x1c3d0</run_address>
         <size>0x4de</size>
         <input_file_ref idref="fl-4b"/>
      </object_component>
      <object_component id="oc-103">
         <name>.debug_info</name>
         <load_address>0x1c8ae</load_address>
         <run_address>0x1c8ae</run_address>
         <size>0x5ab</size>
         <input_file_ref idref="fl-4c"/>
      </object_component>
      <object_component id="oc-107">
         <name>.debug_info</name>
         <load_address>0x1ce59</load_address>
         <run_address>0x1ce59</run_address>
         <size>0x4f2</size>
         <input_file_ref idref="fl-4d"/>
      </object_component>
      <object_component id="oc-10c">
         <name>.debug_info</name>
         <load_address>0x1d34b</load_address>
         <run_address>0x1d34b</run_address>
         <size>0xa1c</size>
         <input_file_ref idref="fl-4e"/>
      </object_component>
      <object_component id="oc-111">
         <name>.debug_info</name>
         <load_address>0x1dd67</load_address>
         <run_address>0x1dd67</run_address>
         <size>0x4d2</size>
         <input_file_ref idref="fl-4f"/>
      </object_component>
      <object_component id="oc-116">
         <name>.debug_info</name>
         <load_address>0x1e239</load_address>
         <run_address>0x1e239</run_address>
         <size>0xba5</size>
         <input_file_ref idref="fl-50"/>
      </object_component>
      <object_component id="oc-11c">
         <name>.debug_info</name>
         <load_address>0x1edde</load_address>
         <run_address>0x1edde</run_address>
         <size>0x64f</size>
         <input_file_ref idref="fl-51"/>
      </object_component>
      <object_component id="oc-120">
         <name>.debug_info</name>
         <load_address>0x1f42d</load_address>
         <run_address>0x1f42d</run_address>
         <size>0x510</size>
         <input_file_ref idref="fl-52"/>
      </object_component>
      <object_component id="oc-146">
         <name>.debug_info</name>
         <load_address>0x1f93d</load_address>
         <run_address>0x1f93d</run_address>
         <size>0x6e</size>
      </object_component>
      <object_component id="oc-19">
         <name>.debug_frame</name>
         <load_address>0x0</load_address>
         <run_address>0x0</run_address>
         <size>0x11c</size>
         <input_file_ref idref="fl-2"/>
      </object_component>
      <object_component id="oc-20">
         <name>.debug_frame</name>
         <load_address>0x11c</load_address>
         <run_address>0x11c</run_address>
         <size>0x14a</size>
         <input_file_ref idref="fl-3"/>
      </object_component>
      <object_component id="oc-25">
         <name>.debug_frame</name>
         <load_address>0x266</load_address>
         <run_address>0x266</run_address>
         <size>0x135</size>
         <input_file_ref idref="fl-4"/>
      </object_component>
      <object_component id="oc-2a">
         <name>.debug_frame</name>
         <load_address>0x39b</load_address>
         <run_address>0x39b</run_address>
         <size>0x116</size>
         <input_file_ref idref="fl-5"/>
      </object_component>
      <object_component id="oc-2f">
         <name>.debug_frame</name>
         <load_address>0x4b1</load_address>
         <run_address>0x4b1</run_address>
         <size>0xe4</size>
         <input_file_ref idref="fl-6"/>
      </object_component>
      <object_component id="oc-37">
         <name>.debug_frame</name>
         <load_address>0x595</load_address>
         <run_address>0x595</run_address>
         <size>0xe2</size>
         <input_file_ref idref="fl-7"/>
      </object_component>
      <object_component id="oc-3d">
         <name>.debug_frame</name>
         <load_address>0x677</load_address>
         <run_address>0x677</run_address>
         <size>0x103</size>
         <input_file_ref idref="fl-8"/>
      </object_component>
      <object_component id="oc-43">
         <name>.debug_frame</name>
         <load_address>0x77a</load_address>
         <run_address>0x77a</run_address>
         <size>0x172</size>
         <input_file_ref idref="fl-9"/>
      </object_component>
      <object_component id="oc-4b">
         <name>.debug_frame</name>
         <load_address>0x8ec</load_address>
         <run_address>0x8ec</run_address>
         <size>0x103</size>
         <input_file_ref idref="fl-a"/>
      </object_component>
      <object_component id="oc-52">
         <name>.debug_frame</name>
         <load_address>0x9ef</load_address>
         <run_address>0x9ef</run_address>
         <size>0xe6</size>
         <input_file_ref idref="fl-b"/>
      </object_component>
      <object_component id="oc-57">
         <name>.debug_frame</name>
         <load_address>0xad5</load_address>
         <run_address>0xad5</run_address>
         <size>0x175</size>
         <input_file_ref idref="fl-11"/>
      </object_component>
      <object_component id="oc-1a">
         <name>.debug_line</name>
         <load_address>0x0</load_address>
         <run_address>0x0</run_address>
         <size>0x8c</size>
         <input_file_ref idref="fl-2"/>
      </object_component>
      <object_component id="oc-21">
         <name>.debug_line</name>
         <load_address>0x8c</load_address>
         <run_address>0x8c</run_address>
         <size>0x118</size>
         <input_file_ref idref="fl-3"/>
      </object_component>
      <object_component id="oc-26">
         <name>.debug_line</name>
         <load_address>0x1a4</load_address>
         <run_address>0x1a4</run_address>
         <size>0xe3</size>
         <input_file_ref idref="fl-4"/>
      </object_component>
      <object_component id="oc-2b">
         <name>.debug_line</name>
         <load_address>0x287</load_address>
         <run_address>0x287</run_address>
         <size>0x83</size>
         <input_file_ref idref="fl-5"/>
      </object_component>
      <object_component id="oc-30">
         <name>.debug_line</name>
         <load_address>0x30a</load_address>
         <run_address>0x30a</run_address>
         <size>0x44</size>
         <input_file_ref idref="fl-6"/>
      </object_component>
      <object_component id="oc-38">
         <name>.debug_line</name>
         <load_address>0x34e</load_address>
         <run_address>0x34e</run_address>
         <size>0xc0</size>
         <input_file_ref idref="fl-7"/>
      </object_component>
      <object_component id="oc-3e">
         <name>.debug_line</name>
         <load_address>0x40e</load_address>
         <run_address>0x40e</run_address>
         <size>0x20e</size>
         <input_file_ref idref="fl-8"/>
      </object_component>
      <object_component id="oc-44">
         <name>.debug_line</name>
         <load_address>0x61c</load_address>
         <run_address>0x61c</run_address>
         <size>0xfe</size>
         <input_file_ref idref="fl-9"/>
      </object_component>
      <object_component id="oc-4c">
         <name>.debug_line</name>
         <load_address>0x71a</load_address>
         <run_address>0x71a</run_address>
         <size>0x151</size>
         <input_file_ref idref="fl-a"/>
      </object_component>
      <object_component id="oc-53">
         <name>.debug_line</name>
         <load_address>0x86b</load_address>
         <run_address>0x86b</run_address>
         <size>0x10a</size>
         <input_file_ref idref="fl-b"/>
      </object_component>
      <object_component id="oc-58">
         <name>.debug_line</name>
         <load_address>0x975</load_address>
         <run_address>0x975</run_address>
         <size>0x2dd</size>
         <input_file_ref idref="fl-11"/>
      </object_component>
      <object_component id="oc-5c">
         <name>.debug_line</name>
         <load_address>0xc52</load_address>
         <run_address>0xc52</run_address>
         <size>0x54</size>
         <input_file_ref idref="fl-25"/>
      </object_component>
      <object_component id="oc-63">
         <name>.debug_line</name>
         <load_address>0xca6</load_address>
         <run_address>0xca6</run_address>
         <size>0x51</size>
         <input_file_ref idref="fl-26"/>
      </object_component>
      <object_component id="oc-68">
         <name>.debug_line</name>
         <load_address>0xcf7</load_address>
         <run_address>0xcf7</run_address>
         <size>0xa6</size>
         <input_file_ref idref="fl-27"/>
      </object_component>
      <object_component id="oc-6e">
         <name>.debug_line</name>
         <load_address>0xd9d</load_address>
         <run_address>0xd9d</run_address>
         <size>0x1b0</size>
         <input_file_ref idref="fl-28"/>
      </object_component>
      <object_component id="oc-72">
         <name>.debug_line</name>
         <load_address>0xf4d</load_address>
         <run_address>0xf4d</run_address>
         <size>0x54</size>
         <input_file_ref idref="fl-29"/>
      </object_component>
      <object_component id="oc-76">
         <name>.debug_line</name>
         <load_address>0xfa1</load_address>
         <run_address>0xfa1</run_address>
         <size>0x69</size>
         <input_file_ref idref="fl-2a"/>
      </object_component>
      <object_component id="oc-7b">
         <name>.debug_line</name>
         <load_address>0x100a</load_address>
         <run_address>0x100a</run_address>
         <size>0x15e</size>
         <input_file_ref idref="fl-2b"/>
      </object_component>
      <object_component id="oc-81">
         <name>.debug_line</name>
         <load_address>0x1168</load_address>
         <run_address>0x1168</run_address>
         <size>0x6a</size>
         <input_file_ref idref="fl-2c"/>
      </object_component>
      <object_component id="oc-85">
         <name>.debug_line</name>
         <load_address>0x11d2</load_address>
         <run_address>0x11d2</run_address>
         <size>0x58</size>
         <input_file_ref idref="fl-2d"/>
      </object_component>
      <object_component id="oc-89">
         <name>.debug_line</name>
         <load_address>0x122a</load_address>
         <run_address>0x122a</run_address>
         <size>0x37</size>
         <input_file_ref idref="fl-2e"/>
      </object_component>
      <object_component id="oc-8d">
         <name>.debug_line</name>
         <load_address>0x1261</load_address>
         <run_address>0x1261</run_address>
         <size>0x57</size>
         <input_file_ref idref="fl-2f"/>
      </object_component>
      <object_component id="oc-93">
         <name>.debug_line</name>
         <load_address>0x12b8</load_address>
         <run_address>0x12b8</run_address>
         <size>0x57</size>
         <input_file_ref idref="fl-30"/>
      </object_component>
      <object_component id="oc-99">
         <name>.debug_line</name>
         <load_address>0x130f</load_address>
         <run_address>0x130f</run_address>
         <size>0x328</size>
         <input_file_ref idref="fl-31"/>
      </object_component>
      <object_component id="oc-9d">
         <name>.debug_line</name>
         <load_address>0x1637</load_address>
         <run_address>0x1637</run_address>
         <size>0x41</size>
         <input_file_ref idref="fl-32"/>
      </object_component>
      <object_component id="oc-a1">
         <name>.debug_line</name>
         <load_address>0x1678</load_address>
         <run_address>0x1678</run_address>
         <size>0x46</size>
         <input_file_ref idref="fl-33"/>
      </object_component>
      <object_component id="oc-a5">
         <name>.debug_line</name>
         <load_address>0x16be</load_address>
         <run_address>0x16be</run_address>
         <size>0x55</size>
         <input_file_ref idref="fl-34"/>
      </object_component>
      <object_component id="oc-a9">
         <name>.debug_line</name>
         <load_address>0x1713</load_address>
         <run_address>0x1713</run_address>
         <size>0xad</size>
         <input_file_ref idref="fl-35"/>
      </object_component>
      <object_component id="oc-b3">
         <name>.debug_line</name>
         <load_address>0x17c0</load_address>
         <run_address>0x17c0</run_address>
         <size>0x5b</size>
         <input_file_ref idref="fl-38"/>
      </object_component>
      <object_component id="oc-b7">
         <name>.debug_line</name>
         <load_address>0x181b</load_address>
         <run_address>0x181b</run_address>
         <size>0x44</size>
         <input_file_ref idref="fl-39"/>
      </object_component>
      <object_component id="oc-bb">
         <name>.debug_line</name>
         <load_address>0x185f</load_address>
         <run_address>0x185f</run_address>
         <size>0x5b</size>
         <input_file_ref idref="fl-3a"/>
      </object_component>
      <object_component id="oc-bf">
         <name>.debug_line</name>
         <load_address>0x18ba</load_address>
         <run_address>0x18ba</run_address>
         <size>0x3d</size>
         <input_file_ref idref="fl-3b"/>
      </object_component>
      <object_component id="oc-c3">
         <name>.debug_line</name>
         <load_address>0x18f7</load_address>
         <run_address>0x18f7</run_address>
         <size>0x3d</size>
         <input_file_ref idref="fl-3c"/>
      </object_component>
      <object_component id="oc-c8">
         <name>.debug_line</name>
         <load_address>0x1934</load_address>
         <run_address>0x1934</run_address>
         <size>0x44</size>
         <input_file_ref idref="fl-3d"/>
      </object_component>
      <object_component id="oc-cc">
         <name>.debug_line</name>
         <load_address>0x1978</load_address>
         <run_address>0x1978</run_address>
         <size>0x56</size>
         <input_file_ref idref="fl-3e"/>
      </object_component>
      <object_component id="oc-d0">
         <name>.debug_line</name>
         <load_address>0x19ce</load_address>
         <run_address>0x19ce</run_address>
         <size>0x40</size>
         <input_file_ref idref="fl-3f"/>
      </object_component>
      <object_component id="oc-d4">
         <name>.debug_line</name>
         <load_address>0x1a0e</load_address>
         <run_address>0x1a0e</run_address>
         <size>0x3c</size>
         <input_file_ref idref="fl-40"/>
      </object_component>
      <object_component id="oc-d8">
         <name>.debug_line</name>
         <load_address>0x1a4a</load_address>
         <run_address>0x1a4a</run_address>
         <size>0x38</size>
         <input_file_ref idref="fl-41"/>
      </object_component>
      <object_component id="oc-dc">
         <name>.debug_line</name>
         <load_address>0x1a82</load_address>
         <run_address>0x1a82</run_address>
         <size>0xa8</size>
         <input_file_ref idref="fl-42"/>
      </object_component>
      <object_component id="oc-e0">
         <name>.debug_line</name>
         <load_address>0x1b2a</load_address>
         <run_address>0x1b2a</run_address>
         <size>0x3c</size>
         <input_file_ref idref="fl-43"/>
      </object_component>
      <object_component id="oc-e4">
         <name>.debug_line</name>
         <load_address>0x1b66</load_address>
         <run_address>0x1b66</run_address>
         <size>0x40</size>
         <input_file_ref idref="fl-44"/>
      </object_component>
      <object_component id="oc-e8">
         <name>.debug_line</name>
         <load_address>0x1ba6</load_address>
         <run_address>0x1ba6</run_address>
         <size>0x3a</size>
         <input_file_ref idref="fl-45"/>
      </object_component>
      <object_component id="oc-ec">
         <name>.debug_line</name>
         <load_address>0x1be0</load_address>
         <run_address>0x1be0</run_address>
         <size>0x3c</size>
         <input_file_ref idref="fl-46"/>
      </object_component>
      <object_component id="oc-f0">
         <name>.debug_line</name>
         <load_address>0x1c1c</load_address>
         <run_address>0x1c1c</run_address>
         <size>0x37</size>
         <input_file_ref idref="fl-47"/>
      </object_component>
      <object_component id="oc-f4">
         <name>.debug_line</name>
         <load_address>0x1c53</load_address>
         <run_address>0x1c53</run_address>
         <size>0x3c</size>
         <input_file_ref idref="fl-48"/>
      </object_component>
      <object_component id="oc-f8">
         <name>.debug_line</name>
         <load_address>0x1c8f</load_address>
         <run_address>0x1c8f</run_address>
         <size>0x44</size>
         <input_file_ref idref="fl-49"/>
      </object_component>
      <object_component id="oc-fc">
         <name>.debug_line</name>
         <load_address>0x1cd3</load_address>
         <run_address>0x1cd3</run_address>
         <size>0x40</size>
         <input_file_ref idref="fl-4a"/>
      </object_component>
      <object_component id="oc-100">
         <name>.debug_line</name>
         <load_address>0x1d13</load_address>
         <run_address>0x1d13</run_address>
         <size>0x37</size>
         <input_file_ref idref="fl-4b"/>
      </object_component>
      <object_component id="oc-104">
         <name>.debug_line</name>
         <load_address>0x1d4a</load_address>
         <run_address>0x1d4a</run_address>
         <size>0x5c</size>
         <input_file_ref idref="fl-4c"/>
      </object_component>
      <object_component id="oc-108">
         <name>.debug_line</name>
         <load_address>0x1da6</load_address>
         <run_address>0x1da6</run_address>
         <size>0x3c</size>
         <input_file_ref idref="fl-4d"/>
      </object_component>
      <object_component id="oc-10e">
         <name>.debug_line</name>
         <load_address>0x1de2</load_address>
         <run_address>0x1de2</run_address>
         <size>0xd7</size>
         <input_file_ref idref="fl-4e"/>
      </object_component>
      <object_component id="oc-112">
         <name>.debug_line</name>
         <load_address>0x1eb9</load_address>
         <run_address>0x1eb9</run_address>
         <size>0x3a</size>
         <input_file_ref idref="fl-4f"/>
      </object_component>
      <object_component id="oc-119">
         <name>.debug_line</name>
         <load_address>0x1ef3</load_address>
         <run_address>0x1ef3</run_address>
         <size>0x112</size>
         <input_file_ref idref="fl-50"/>
      </object_component>
      <object_component id="oc-11d">
         <name>.debug_line</name>
         <load_address>0x2005</load_address>
         <run_address>0x2005</run_address>
         <size>0x3d</size>
         <input_file_ref idref="fl-51"/>
      </object_component>
      <object_component id="oc-121">
         <name>.debug_line</name>
         <load_address>0x2042</load_address>
         <run_address>0x2042</run_address>
         <size>0x39</size>
         <input_file_ref idref="fl-52"/>
      </object_component>
      <object_component id="oc-1b">
         <name>.debug_abbrev</name>
         <load_address>0x0</load_address>
         <run_address>0x0</run_address>
         <size>0x95</size>
         <input_file_ref idref="fl-2"/>
      </object_component>
      <object_component id="oc-22">
         <name>.debug_abbrev</name>
         <load_address>0x95</load_address>
         <run_address>0x95</run_address>
         <size>0xd0</size>
         <input_file_ref idref="fl-3"/>
      </object_component>
      <object_component id="oc-27">
         <name>.debug_abbrev</name>
         <load_address>0x165</load_address>
         <run_address>0x165</run_address>
         <size>0x87</size>
         <input_file_ref idref="fl-4"/>
      </object_component>
      <object_component id="oc-2c">
         <name>.debug_abbrev</name>
         <load_address>0x1ec</load_address>
         <run_address>0x1ec</run_address>
         <size>0xe7</size>
         <input_file_ref idref="fl-5"/>
      </object_component>
      <object_component id="oc-31">
         <name>.debug_abbrev</name>
         <load_address>0x2d3</load_address>
         <run_address>0x2d3</run_address>
         <size>0x87</size>
         <input_file_ref idref="fl-6"/>
      </object_component>
      <object_component id="oc-39">
         <name>.debug_abbrev</name>
         <load_address>0x35a</load_address>
         <run_address>0x35a</run_address>
         <size>0xf9</size>
         <input_file_ref idref="fl-7"/>
      </object_component>
      <object_component id="oc-3f">
         <name>.debug_abbrev</name>
         <load_address>0x453</load_address>
         <run_address>0x453</run_address>
         <size>0xfd</size>
         <input_file_ref idref="fl-8"/>
      </object_component>
      <object_component id="oc-45">
         <name>.debug_abbrev</name>
         <load_address>0x550</load_address>
         <run_address>0x550</run_address>
         <size>0x147</size>
         <input_file_ref idref="fl-9"/>
      </object_component>
      <object_component id="oc-4d">
         <name>.debug_abbrev</name>
         <load_address>0x697</load_address>
         <run_address>0x697</run_address>
         <size>0x14c</size>
         <input_file_ref idref="fl-a"/>
      </object_component>
      <object_component id="oc-54">
         <name>.debug_abbrev</name>
         <load_address>0x7e3</load_address>
         <run_address>0x7e3</run_address>
         <size>0xb5</size>
         <input_file_ref idref="fl-b"/>
      </object_component>
      <object_component id="oc-59">
         <name>.debug_abbrev</name>
         <load_address>0x898</load_address>
         <run_address>0x898</run_address>
         <size>0x23e</size>
         <input_file_ref idref="fl-11"/>
      </object_component>
      <object_component id="oc-5d">
         <name>.debug_abbrev</name>
         <load_address>0xad6</load_address>
         <run_address>0xad6</run_address>
         <size>0x3a</size>
         <input_file_ref idref="fl-25"/>
      </object_component>
      <object_component id="oc-64">
         <name>.debug_abbrev</name>
         <load_address>0xb10</load_address>
         <run_address>0xb10</run_address>
         <size>0xf7</size>
         <input_file_ref idref="fl-26"/>
      </object_component>
      <object_component id="oc-69">
         <name>.debug_abbrev</name>
         <load_address>0xc07</load_address>
         <run_address>0xc07</run_address>
         <size>0x140</size>
         <input_file_ref idref="fl-27"/>
      </object_component>
      <object_component id="oc-6f">
         <name>.debug_abbrev</name>
         <load_address>0xd47</load_address>
         <run_address>0xd47</run_address>
         <size>0x225</size>
         <input_file_ref idref="fl-28"/>
      </object_component>
      <object_component id="oc-73">
         <name>.debug_abbrev</name>
         <load_address>0xf6c</load_address>
         <run_address>0xf6c</run_address>
         <size>0x38</size>
         <input_file_ref idref="fl-29"/>
      </object_component>
      <object_component id="oc-77">
         <name>.debug_abbrev</name>
         <load_address>0xfa4</load_address>
         <run_address>0xfa4</run_address>
         <size>0x145</size>
         <input_file_ref idref="fl-2a"/>
      </object_component>
      <object_component id="oc-7c">
         <name>.debug_abbrev</name>
         <load_address>0x10e9</load_address>
         <run_address>0x10e9</run_address>
         <size>0x15a</size>
         <input_file_ref idref="fl-2b"/>
      </object_component>
      <object_component id="oc-82">
         <name>.debug_abbrev</name>
         <load_address>0x1243</load_address>
         <run_address>0x1243</run_address>
         <size>0xde</size>
         <input_file_ref idref="fl-2c"/>
      </object_component>
      <object_component id="oc-86">
         <name>.debug_abbrev</name>
         <load_address>0x1321</load_address>
         <run_address>0x1321</run_address>
         <size>0x38</size>
         <input_file_ref idref="fl-2d"/>
      </object_component>
      <object_component id="oc-8a">
         <name>.debug_abbrev</name>
         <load_address>0x1359</load_address>
         <run_address>0x1359</run_address>
         <size>0x26</size>
         <input_file_ref idref="fl-2e"/>
      </object_component>
      <object_component id="oc-8e">
         <name>.debug_abbrev</name>
         <load_address>0x137f</load_address>
         <run_address>0x137f</run_address>
         <size>0xd1</size>
         <input_file_ref idref="fl-2f"/>
      </object_component>
      <object_component id="oc-94">
         <name>.debug_abbrev</name>
         <load_address>0x1450</load_address>
         <run_address>0x1450</run_address>
         <size>0x9f</size>
         <input_file_ref idref="fl-30"/>
      </object_component>
      <object_component id="oc-9a">
         <name>.debug_abbrev</name>
         <load_address>0x14ef</load_address>
         <run_address>0x14ef</run_address>
         <size>0x1f8</size>
         <input_file_ref idref="fl-31"/>
      </object_component>
      <object_component id="oc-9e">
         <name>.debug_abbrev</name>
         <load_address>0x16e7</load_address>
         <run_address>0x16e7</run_address>
         <size>0xec</size>
         <input_file_ref idref="fl-32"/>
      </object_component>
      <object_component id="oc-a2">
         <name>.debug_abbrev</name>
         <load_address>0x17d3</load_address>
         <run_address>0x17d3</run_address>
         <size>0xd5</size>
         <input_file_ref idref="fl-33"/>
      </object_component>
      <object_component id="oc-a6">
         <name>.debug_abbrev</name>
         <load_address>0x18a8</load_address>
         <run_address>0x18a8</run_address>
         <size>0x44</size>
         <input_file_ref idref="fl-34"/>
      </object_component>
      <object_component id="oc-aa">
         <name>.debug_abbrev</name>
         <load_address>0x18ec</load_address>
         <run_address>0x18ec</run_address>
         <size>0xb7</size>
         <input_file_ref idref="fl-35"/>
      </object_component>
      <object_component id="oc-ac">
         <name>.debug_abbrev</name>
         <load_address>0x19a3</load_address>
         <run_address>0x19a3</run_address>
         <size>0x68</size>
         <input_file_ref idref="fl-36"/>
      </object_component>
      <object_component id="oc-b0">
         <name>.debug_abbrev</name>
         <load_address>0x1a0b</load_address>
         <run_address>0x1a0b</run_address>
         <size>0x83</size>
         <input_file_ref idref="fl-37"/>
      </object_component>
      <object_component id="oc-b4">
         <name>.debug_abbrev</name>
         <load_address>0x1a8e</load_address>
         <run_address>0x1a8e</run_address>
         <size>0x112</size>
         <input_file_ref idref="fl-38"/>
      </object_component>
      <object_component id="oc-b8">
         <name>.debug_abbrev</name>
         <load_address>0x1ba0</load_address>
         <run_address>0x1ba0</run_address>
         <size>0xb5</size>
         <input_file_ref idref="fl-39"/>
      </object_component>
      <object_component id="oc-bc">
         <name>.debug_abbrev</name>
         <load_address>0x1c55</load_address>
         <run_address>0x1c55</run_address>
         <size>0x136</size>
         <input_file_ref idref="fl-3a"/>
      </object_component>
      <object_component id="oc-c0">
         <name>.debug_abbrev</name>
         <load_address>0x1d8b</load_address>
         <run_address>0x1d8b</run_address>
         <size>0x8f</size>
         <input_file_ref idref="fl-3b"/>
      </object_component>
      <object_component id="oc-c4">
         <name>.debug_abbrev</name>
         <load_address>0x1e1a</load_address>
         <run_address>0x1e1a</run_address>
         <size>0xb7</size>
         <input_file_ref idref="fl-3c"/>
      </object_component>
      <object_component id="oc-c9">
         <name>.debug_abbrev</name>
         <load_address>0x1ed1</load_address>
         <run_address>0x1ed1</run_address>
         <size>0xc2</size>
         <input_file_ref idref="fl-3d"/>
      </object_component>
      <object_component id="oc-cd">
         <name>.debug_abbrev</name>
         <load_address>0x1f93</load_address>
         <run_address>0x1f93</run_address>
         <size>0x103</size>
         <input_file_ref idref="fl-3e"/>
      </object_component>
      <object_component id="oc-d1">
         <name>.debug_abbrev</name>
         <load_address>0x2096</load_address>
         <run_address>0x2096</run_address>
         <size>0x9a</size>
         <input_file_ref idref="fl-3f"/>
      </object_component>
      <object_component id="oc-d5">
         <name>.debug_abbrev</name>
         <load_address>0x2130</load_address>
         <run_address>0x2130</run_address>
         <size>0xd1</size>
         <input_file_ref idref="fl-40"/>
      </object_component>
      <object_component id="oc-d9">
         <name>.debug_abbrev</name>
         <load_address>0x2201</load_address>
         <run_address>0x2201</run_address>
         <size>0xd0</size>
         <input_file_ref idref="fl-41"/>
      </object_component>
      <object_component id="oc-dd">
         <name>.debug_abbrev</name>
         <load_address>0x22d1</load_address>
         <run_address>0x22d1</run_address>
         <size>0xb7</size>
         <input_file_ref idref="fl-42"/>
      </object_component>
      <object_component id="oc-e1">
         <name>.debug_abbrev</name>
         <load_address>0x2388</load_address>
         <run_address>0x2388</run_address>
         <size>0x38</size>
         <input_file_ref idref="fl-43"/>
      </object_component>
      <object_component id="oc-e5">
         <name>.debug_abbrev</name>
[...]
      </symbol>
      <symbol id="sm-15d">
         <name>_pllCfg_100MHz</name>
         <value>0x6254</value>
         <object_component_ref idref="oc-47"/>
      </symbol>
      <symbol id="sm-15e">
         <name>_pllCfg_40MHz</name>
         <value>0x6234</value>
         <object_component_ref idref="oc-47"/>
      </symbol>
      <symbol id="sm-15f">
         <name>_pllCfg_2MHz</name>
         <value>0x621c</value>
         <object_component_ref idref="oc-47"/>
      </symbol>
      <symbol id="sm-160">
         <name>_pllCfg1</name>
         <value>0x6208</value>
         <object_component_ref idref="oc-47"/>
      </symbol>
      <symbol id="sm-161">
         <name>_pll_frequency_setup</name>
         <value>0x12e1a</value>
         <object_component_ref idref="oc-46"/>
      </symbol>
      <symbol id="sm-162">
         <name>_pllCfg_120MHz</name>
         <value>0x625c</value>
         <object_component_ref idref="oc-47"/>
      </symbol>
      <symbol id="sm-163">
         <name>_pllCfg_12MHz</name>
         <value>0x6224</value>
         <object_component_ref idref="oc-47"/>
      </symbol>
      <symbol id="sm-164">
         <name>_pllCfg_1MHz</name>
         <value>0x6214</value>
         <object_component_ref idref="oc-47"/>
      </symbol>
      <symbol id="sm-165">
         <name>_pllCfg_60MHz</name>
         <value>0x623c</value>
         <object_component_ref idref="oc-47"/>
      </symbol>
      <symbol id="sm-166">
         <name>_pllCfg_12p288MHz</name>
         <value>0x622c</value>
         <object_component_ref idref="oc-47"/>
      </symbol>
      <symbol id="sm-18d">
         <name>_state</name>
         <value>0x6268</value>
         <object_component_ref idref="oc-4f"/>
      </symbol>
      <symbol id="sm-18e">
         <name>_LEDFlasher</name>
         <value>0x13e10</value>
         <object_component_ref idref="oc-4e"/>
      </symbol>
      <symbol id="sm-1b3">
         <name>_PLL_reset</name>
         <value>0x13320</value>
         <object_component_ref idref="oc-55"/>
      </symbol>
      <symbol id="sm-1b4">
         <name>_PLL_bypass</name>
         <value>0x132d1</value>
         <object_component_ref idref="oc-55"/>
      </symbol>
      <symbol id="sm-1b5">
         <name>_PLL_enable</name>
         <value>0x1326a</value>
         <object_component_ref idref="oc-55"/>
      </symbol>
      <symbol id="sm-1b6">
         <name>_PLL_config</name>
         <value>0x13141</value>
         <object_component_ref idref="oc-55"/>
      </symbol>
      <symbol id="sm-1b7">
         <name>_PLL_init</name>
         <value>0x13109</value>
         <object_component_ref idref="oc-55"/>
      </symbol>
      <symbol id="sm-1c3">
         <name>__sysstack</name>
         <value>0x40c0</value>
         <object_component_ref idref="oc-123"/>
      </symbol>
      <symbol id="sm-1c4">
         <name>_c_int00</name>
         <value>0x15120</value>
         <object_component_ref idref="oc-15"/>
      </symbol>
      <symbol id="sm-1c5">
         <name>__stack</name>
         <value>0xc0</value>
         <object_component_ref idref="oc-5a"/>
      </symbol>
      <symbol id="sm-1d5">
         <name>C$$EXIT</name>
         <value>0x15281</value>
         <object_component_ref idref="oc-62"/>
      </symbol>
      <symbol id="sm-1d6">
         <name>_exit</name>
         <value>0x150e2</value>
         <object_component_ref idref="oc-5e"/>
      </symbol>
      <symbol id="sm-1d7">
         <name>_abort</name>
         <value>0x15280</value>
         <object_component_ref idref="oc-62"/>
      </symbol>
      <symbol id="sm-1d8">
         <name>__cleanup_ptr</name>
         <value>0x62a4</value>
         <object_component_ref idref="oc-5f"/>
      </symbol>
      <symbol id="sm-1d9">
         <name>__dtors_ptr</name>
         <value>0x62a8</value>
         <object_component_ref idref="oc-5f"/>
      </symbol>
      <symbol id="sm-1e5">
         <name>_puts</name>
         <value>0x13de4</value>
         <object_component_ref idref="oc-65"/>
      </symbol>
      <symbol id="sm-1e6">
         <name>_fputs</name>
         <value>0x13c95</value>
         <object_component_ref idref="oc-65"/>
      </symbol>
      <symbol id="sm-1f7">
         <name>_add_device</name>
         <value>0x128f0</value>
         <object_component_ref idref="oc-6a"/>
      </symbol>
      <symbol id="sm-1f8">
         <name>_rename</name>
         <value>0x12621</value>
         <object_component_ref idref="oc-6a"/>
      </symbol>
      <symbol id="sm-1f9">
         <name>_read</name>
         <value>0x126ac</value>
         <object_component_ref idref="oc-6a"/>
      </symbol>
      <symbol id="sm-1fa">
         <name>_unlink</name>
         <value>0x125ed</value>
         <object_component_ref idref="oc-6a"/>
      </symbol>
      <symbol id="sm-1fb">
         <name>_remove_device</name>
         <value>0x12678</value>
         <object_component_ref idref="oc-6a"/>
      </symbol>
      <symbol id="sm-1fc">
         <name>_open</name>
         <value>0x12756</value>
         <object_component_ref idref="oc-6a"/>
      </symbol>
      <symbol id="sm-1fd">
         <name>_find_registered_device</name>
         <value>0x12877</value>
         <object_component_ref idref="oc-6a"/>
      </symbol>
      <symbol id="sm-1fe">
         <name>_lseek</name>
         <value>0x12813</value>
         <object_component_ref idref="oc-6a"/>
      </symbol>
      <symbol id="sm-1ff">
         <name>_close</name>
         <value>0x12880</value>
         <object_component_ref idref="oc-6a"/>
      </symbol>
      <symbol id="sm-200">
         <name>_write</name>
         <value>0x124c0</value>
         <object_component_ref idref="oc-6a"/>
      </symbol>
      <symbol id="sm-20a">
         <name>_memcpy</name>
         <value>0x14ec1</value>
         <object_component_ref idref="oc-70"/>
      </symbol>
      <symbol id="sm-214">
         <name>_printf</name>
         <value>0x14f6b</value>
         <object_component_ref idref="oc-74"/>
      </symbol>
      <symbol id="sm-220">
         <name>_HOSTopen</name>
         <value>0x1184c</value>
         <object_component_ref idref="oc-78"/>
      </symbol>
      <symbol id="sm-221">
         <name>_HOSTread</name>
         <value>0x117c1</value>
         <object_component_ref idref="oc-78"/>
      </symbol>
      <symbol id="sm-222">
         <name>_HOSTtime</name>
         <value>0x116aa</value>
         <object_component_ref idref="oc-78"/>
      </symbol>
      <symbol id="sm-223">
         <name>_getenv</name>
         <value>0x11533</value>
         <object_component_ref idref="oc-78"/>
      </symbol>
      <symbol id="sm-224">
         <name>_HOSTrename</name>
         <value>0x11708</value>
         <object_component_ref idref="oc-78"/>
      </symbol>
      <symbol id="sm-225">
         <name>_HOSTclock</name>
         <value>0x11a0d</value>
         <object_component_ref idref="oc-78"/>
      </symbol>
      <symbol id="sm-226">
         <name>_HOSTwrite</name>
         <value>0x115b3</value>
         <object_component_ref idref="oc-78"/>
      </symbol>
      <symbol id="sm-227">
         <name>_HOSTlseek</name>
         <value>0x118ed</value>
         <object_component_ref idref="oc-78"/>
      </symbol>
      <symbol id="sm-228">
         <name>_HOSTunlink</name>
         <value>0x1163e</value>
         <object_component_ref idref="oc-78"/>
      </symbol>
      <symbol id="sm-229">
         <name>_HOSTclose</name>
         <value>0x119a2</value>
         <object_component_ref idref="oc-78"/>
      </symbol>
      <symbol id="sm-23b">
         <name>C$$IO$$</name>
         <value>0x14877</value>
         <object_component_ref idref="oc-80"/>
      </symbol>
      <symbol id="sm-23c">
         <name>__CIOBUF_</name>
         <value>0x62b0</value>
         <object_component_ref idref="oc-7f"/>
      </symbol>
      <symbol id="sm-23d">
         <name>_readmsg</name>
         <value>0x14d2e</value>
         <object_component_ref idref="oc-7d"/>
      </symbol>
      <symbol id="sm-23e">
         <name>_writemsg</name>
         <value>0x147be</value>
         <object_component_ref idref="oc-80"/>
      </symbol>
      <symbol id="sm-246">
         <name>__remu</name>
         <value>0x151c0</value>
         <object_component_ref idref="oc-83"/>
      </symbol>
      <symbol id="sm-247">
         <name>__divu</name>
         <value>0x151ab</value>
         <object_component_ref idref="oc-83"/>
      </symbol>
      <symbol id="sm-248">
         <name>I$$UMOD</name>
         <value>0x151c0</value>
         <object_component_ref idref="oc-83"/>
      </symbol>
      <symbol id="sm-249">
         <name>I$$UDIV</name>
         <value>0x151ab</value>
         <object_component_ref idref="oc-83"/>
      </symbol>
      <symbol id="sm-253">
         <name>_Reset</name>
         <value>0xffff00</value>
         <object_component_ref idref="oc-16"/>
      </symbol>
      <symbol id="sm-25d">
         <name>__rd_ok</name>
         <value>0x14761</value>
         <object_component_ref idref="oc-8b"/>
      </symbol>
      <symbol id="sm-25e">
         <name>__wrt_ok</name>
         <value>0x146e4</value>
         <object_component_ref idref="oc-8b"/>
      </symbol>
      <symbol id="sm-26c">
         <name>__unlock</name>
         <value>0x62a0</value>
         <object_component_ref idref="oc-90"/>
      </symbol>
      <symbol id="sm-26d">
         <name>__lock</name>
         <value>0x629c</value>
         <object_component_ref idref="oc-90"/>
      </symbol>
      <symbol id="sm-26e">
         <name>__register_lock</name>
         <value>0x1525c</value>
         <object_component_ref idref="oc-8f"/>
      </symbol>
      <symbol id="sm-26f">
         <name>__nop</name>
         <value>0x15264</value>
         <object_component_ref idref="oc-8f"/>
      </symbol>
      <symbol id="sm-270">
         <name>__register_unlock</name>
         <value>0x15254</value>
         <object_component_ref idref="oc-8f"/>
      </symbol>
      <symbol id="sm-282">
         <name>__printfi</name>
         <value>0x11315</value>
         <object_component_ref idref="oc-95"/>
      </symbol>
      <symbol id="sm-28c">
         <name>__args_main</name>
         <value>0x15051</value>
         <object_component_ref idref="oc-9b"/>
      </symbol>
      <symbol id="sm-28d">
         <name>__TI_args_main</name>
         <value>0x1</value>
      </symbol>
      <symbol id="sm-297">
         <name>_atoi</name>
         <value>0x14e68</value>
         <object_component_ref idref="oc-9f"/>
      </symbol>
      <symbol id="sm-29f">
         <name>_auto_init</name>
         <value>0x14fb9</value>
         <object_component_ref idref="oc-a3"/>
      </symbol>
      <symbol id="sm-2a9">
         <name>__eqld</name>
         <value>0x13c09</value>
         <object_component_ref idref="oc-a7"/>
      </symbol>
      <symbol id="sm-2aa">
         <name>__cmpd</name>
         <value>0x13c3d</value>
         <object_component_ref idref="oc-a7"/>
      </symbol>
      <symbol id="sm-2ab">
         <name>__neqd</name>
         <value>0x13aab</value>
         <object_component_ref idref="oc-a7"/>
      </symbol>
      <symbol id="sm-2ac">
         <name>__gtrd</name>
         <value>0x13b74</value>
         <object_component_ref idref="oc-a7"/>
      </symbol>
      <symbol id="sm-2ad">
         <name>__geqd</name>
         <value>0x13bbf</value>
         <object_component_ref idref="oc-a7"/>
      </symbol>
      <symbol id="sm-2ae">
         <name>__leqd</name>
         <value>0x13b27</value>
         <object_component_ref idref="oc-a7"/>
      </symbol>
      <symbol id="sm-2af">
         <name>__lssd</name>
         <value>0x13adf</value>
         <object_component_ref idref="oc-a7"/>
      </symbol>
      <symbol id="sm-2b7">
         <name>__ctypes_</name>
         <value>0x5aca</value>
         <object_component_ref idref="oc-124"/>
      </symbol>
      <symbol id="sm-2c1">
         <name>__tmpnams</name>
         <value>0x5e34</value>
         <object_component_ref idref="oc-ad"/>
      </symbol>
      <symbol id="sm-2c2">
         <name>__ft_end</name>
         <value>0x5f74</value>
         <object_component_ref idref="oc-ad"/>
      </symbol>
      <symbol id="sm-2c3">
         <name>__ftable</name>
         <value>0x5d44</value>
         <object_component_ref idref="oc-ad"/>
      </symbol>
      <symbol id="sm-2cf">
         <name>__divd</name>
         <value>0x129d8</value>
         <object_component_ref idref="oc-b1"/>
      </symbol>
      <symbol id="sm-2da">
         <name>__divul</name>
         <value>0x149d8</value>
         <object_component_ref idref="oc-b5"/>
      </symbol>
      <symbol id="sm-2e4">
         <name>__doflush</name>
         <value>0x1487c</value>
         <object_component_ref idref="oc-b9"/>
      </symbol>
      <symbol id="sm-2e5">
         <name>_fflush</name>
         <value>0x148de</value>
         <object_component_ref idref="oc-b9"/>
      </symbol>
      <symbol id="sm-2ef">
         <name>__fixdi</name>
         <value>0x15181</value>
         <object_component_ref idref="oc-bd"/>
      </symbol>
      <symbol id="sm-2f9">
         <name>__fixdli</name>
         <value>0x14cc0</value>
         <object_component_ref idref="oc-c1"/>
      </symbol>
      <symbol id="sm-305">
         <name>__fltlid</name>
         <value>0x14e01</value>
         <object_component_ref idref="oc-c5"/>
      </symbol>
      <symbol id="sm-30f">
         <name>_putchar</name>
         <value>0x149c9</value>
         <object_component_ref idref="oc-ca"/>
      </symbol>
      <symbol id="sm-310">
         <name>_putc</name>
         <value>0x14936</value>
         <object_component_ref idref="oc-ca"/>
      </symbol>
      <symbol id="sm-311">
         <name>_fputc</name>
         <value>0x14936</value>
         <object_component_ref idref="oc-ca"/>
      </symbol>
      <symbol id="sm-31b">
         <name>__frcmpyd_div</name>
         <value>0x14bdd</value>
         <object_component_ref idref="oc-ce"/>
      </symbol>
      <symbol id="sm-325">
         <name>_fseek</name>
         <value>0x14d99</value>
         <object_component_ref idref="oc-d2"/>
      </symbol>
      <symbol id="sm-32f">
         <name>___isinf</name>
         <value>0x15213</value>
         <object_component_ref idref="oc-d6"/>
      </symbol>
      <symbol id="sm-339">
         <name>__divull</name>
         <value>0x1372c</value>
         <object_component_ref idref="oc-da"/>
      </symbol>
      <symbol id="sm-33a">
         <name>__mpylli</name>
         <value>0x13675</value>
         <object_component_ref idref="oc-da"/>
      </symbol>
      <symbol id="sm-33b">
         <name>__remlli</name>
         <value>0x13646</value>
         <object_component_ref idref="oc-da"/>
      </symbol>
      <symbol id="sm-33c">
         <name>__divlli</name>
         <value>0x13820</value>
         <object_component_ref idref="oc-da"/>
      </symbol>
      <symbol id="sm-33d">
         <name>__remull</name>
         <value>0x135f8</value>
         <object_component_ref idref="oc-da"/>
      </symbol>
      <symbol id="sm-345">
         <name>__mpyli</name>
         <value>0x15241</value>
         <object_component_ref idref="oc-de"/>
      </symbol>
      <symbol id="sm-346">
         <name>I$$LMPY</name>
         <value>0x15241</value>
         <object_component_ref idref="oc-de"/>
      </symbol>
      <symbol id="sm-350">
         <name>_ltoa</name>
         <value>0x14a78</value>
         <object_component_ref idref="oc-e2"/>
      </symbol>
      <symbol id="sm-35b">
         <name>_memccpy</name>
         <value>0x151d5</value>
         <object_component_ref idref="oc-e6"/>
      </symbol>
      <symbol id="sm-365">
         <name>__mpyd</name>
         <value>0x14241</value>
         <object_component_ref idref="oc-ea"/>
      </symbol>
      <symbol id="sm-36f">
         <name>__negd</name>
         <value>0x15266</value>
         <object_component_ref idref="oc-ee"/>
      </symbol>
      <symbol id="sm-379">
         <name>__remli</name>
         <value>0x15006</value>
         <object_component_ref idref="oc-f2"/>
      </symbol>
      <symbol id="sm-384">
         <name>__remul</name>
         <value>0x14c50</value>
         <object_component_ref idref="oc-f6"/>
      </symbol>
      <symbol id="sm-38e">
         <name>_setvbuf</name>
         <value>0x145f1</value>
         <object_component_ref idref="oc-fa"/>
      </symbol>
      <symbol id="sm-398">
         <name>__subd</name>
         <value>0x1522d</value>
         <object_component_ref idref="oc-fe"/>
      </symbol>
      <symbol id="sm-3a2">
         <name>__addd</name>
         <value>0x13854</value>
         <object_component_ref idref="oc-102"/>
      </symbol>
      <symbol id="sm-3ac">
         <name>__divli</name>
         <value>0x1509a</value>
         <object_component_ref idref="oc-106"/>
      </symbol>
      <symbol id="sm-3bb">
         <name>__cleanup</name>
         <value>0x134a1</value>
         <object_component_ref idref="oc-10a"/>
      </symbol>
      <symbol id="sm-3bc">
         <name>_fopen</name>
         <value>0x135bf</value>
         <object_component_ref idref="oc-10a"/>
      </symbol>
      <symbol id="sm-3bd">
         <name>_freopen</name>
         <value>0x134f9</value>
         <object_component_ref idref="oc-10a"/>
      </symbol>
      <symbol id="sm-3c7">
         <name>__frcmpyd</name>
         <value>0x14b67</value>
         <object_component_ref idref="oc-110"/>
      </symbol>
      <symbol id="sm-3d7">
         <name>__sys_memory</name>
         <value>0x20c0</value>
         <object_component_ref idref="oc-118"/>
      </symbol>
      <symbol id="sm-3d8">
         <name>_chkheap</name>
         <value>0x11f4a</value>
         <object_component_ref idref="oc-114"/>
      </symbol>
      <symbol id="sm-3d9">
         <name>_realloc</name>
         <value>0x11cb0</value>
         <object_component_ref idref="oc-114"/>
      </symbol>
      <symbol id="sm-3da">
         <name>_free_memory</name>
         <value>0x11ee3</value>
         <object_component_ref idref="oc-114"/>
      </symbol>
      <symbol id="sm-3db">
         <name>_max_free</name>
         <value>0x11e79</value>
         <object_component_ref idref="oc-114"/>
      </symbol>
      <symbol id="sm-3dc">
         <name>_free</name>
         <value>0x11a6b</value>
         <object_component_ref idref="oc-114"/>
      </symbol>
      <symbol id="sm-3dd">
         <name>_calloc</name>
         <value>0x11f52</value>
         <object_component_ref idref="oc-114"/>
      </symbol>
      <symbol id="sm-3de">
         <name>_malloc</name>
         <value>0x11baf</value>
         <object_component_ref idref="oc-114"/>
      </symbol>
      <symbol id="sm-3df">
         <name>_minit</name>
         <value>0x11b3d</value>
         <object_component_ref idref="oc-114"/>
      </symbol>
      <symbol id="sm-3e9">
         <name>_fclose</name>
         <value>0x14af1</value>
         <object_component_ref idref="oc-11b"/>
      </symbol>
      <symbol id="sm-3f3">
         <name>_remove</name>
         <value>0x15276</value>
         <object_component_ref idref="oc-11f"/>
      </symbol>
   </symbol_table>
</link_info>
